ubuntu# dmesg -c
[    0.000000] Initializing cgroup subsys cpuset
[    0.000000] Initializing cgroup subsys cpu
[    0.000000] Linux version 2.6.36CosMC (root@ubuntu) (gcc version 4.4.3 (Ubuntu 4.4.3-4ubuntu5) ) #8 SMP Mon Feb 11 13:13:41 PST 2013
[    0.000000] BIOS-provided physical RAM map:
[    0.000000]  BIOS-e820: 0000000000000000 - 000000000009f000 (usable)
[    0.000000]  BIOS-e820: 000000000009f000 - 00000000000a0000 (reserved)
[    0.000000]  BIOS-e820: 00000000000dc000 - 0000000000100000 (reserved)
[    0.000000]  BIOS-e820: 0000000000100000 - 00000000bfee0000 (usable)
[    0.000000]  BIOS-e820: 00000000bfee0000 - 00000000bfeff000 (ACPI data)
[    0.000000]  BIOS-e820: 00000000bfeff000 - 00000000bff00000 (ACPI NVS)
[    0.000000]  BIOS-e820: 00000000bff00000 - 00000000c0000000 (usable)
[    0.000000]  BIOS-e820: 00000000f0000000 - 00000000f8000000 (reserved)
[    0.000000]  BIOS-e820: 00000000fec00000 - 00000000fec10000 (reserved)
[    0.000000]  BIOS-e820: 00000000fee00000 - 00000000fee01000 (reserved)
[    0.000000]  BIOS-e820: 00000000fffe0000 - 0000000100000000 (reserved)
[    0.000000]  BIOS-e820: 0000000100000000 - 00000001c4000000 (usable)
[    0.000000] Notice: NX (Execute Disable) protection cannot be enabled: non-PAE kernel!
[    0.000000] DMI present.
[    0.000000] Phoenix BIOS detected: BIOS may corrupt low RAM, working around it.
[    0.000000] e820 update range: 0000000000000000 - 0000000000010000 (usable) ==> (reserved)
[    0.000000] Hypervisor detected: VMware
[    0.000000] e820 update range: 0000000000000000 - 0000000000001000 (usable) ==> (reserved)
[    0.000000] e820 remove range: 00000000000a0000 - 0000000000100000 (usable)
[    0.000000] last_pfn = 0xc0000 max_arch_pfn = 0x100000
[    0.000000] MTRR default type: uncachable
[    0.000000] MTRR fixed ranges enabled:
[    0.000000]   00000-9FFFF write-back
[    0.000000]   A0000-BFFFF uncachable
[    0.000000]   C0000-CBFFF write-protect
[    0.000000]   CC000-EFFFF uncachable
[    0.000000]   F0000-FFFFF write-protect
[    0.000000] MTRR variable ranges enabled:
[    0.000000]   0 base 00C0000000 mask FFC0000000 uncachable
[    0.000000]   1 base 0000000000 mask FF00000000 write-back
[    0.000000]   2 base 0100000000 mask FF80000000 write-back
[    0.000000]   3 base 0180000000 mask FFC0000000 write-back
[    0.000000]   4 base 01C0000000 mask FFFC000000 write-back
[    0.000000]   5 disabled
[    0.000000]   6 disabled
[    0.000000]   7 disabled
[    0.000000] x86 PAT enabled: cpu 0, old 0x0, new 0x7010600070106
[    0.000000] e820 update range: 00000000c0000000 - 0000000100000000 (usable) ==> (reserved)
[    0.000000] Warning only 895MB will be used.
[    0.000000] Use a HIGHMEM enabled kernel.
[    0.000000] initial memory mapped : 0 - 00c00000
[    0.000000] found SMP MP-table at [c00f6bf0] f6bf0
[    0.000000] init_memory_mapping: 0000000000000000-0000000037f15000
[    0.000000]  0000000000 - 0000400000 page 4k
[    0.000000]  0000400000 - 0037c00000 page 2M
[    0.000000]  0037c00000 - 0037f15000 page 4k
[    0.000000] kernel direct mapping tables up to 37f15000 @ 15000-1a000
[    0.000000] RAMDISK: 378f8000 - 37ff0000
[    0.000000] Allocated new RAMDISK: 008ef000 - 00fe6f6d
[    0.000000] Move RAMDISK from 00000000378f8000 - 0000000037feff6c to 008ef000 - 00fe6f6c
[    0.000000] ACPI: RSDP 000f6b80 00024 (v02 PTLTD )
[    0.000000] ACPI: XSDT bfeeba0b 0005C (v01 INTEL  440BX    06040000 VMW  01324272)
[    0.000000] ACPI: FACP bfefee73 000F4 (v04 INTEL  440BX    06040000 PTL  000F4240)
[    0.000000] ACPI: DSDT bfeec8d4 1259F (v01 PTLTD  Custom   06040000 MSFT 03000001)
[    0.000000] ACPI: FACS bfefffc0 00040
[    0.000000] ACPI: BOOT bfeec8ac 00028 (v01 PTLTD  $SBFTBL$ 06040000  LTP 00000001)
[    0.000000] ACPI: APIC bfeec4ea 003C2 (v01 PTLTD  ? APIC   06040000  LTP 00000000)
[    0.000000] ACPI: MCFG bfeec4ae 0003C (v01 PTLTD  $PCITBL$ 06040000  LTP 00000001)
[    0.000000] ACPI: SRAT bfeebb07 004F8 (v02 VMWARE MEMPLUG  06040000 VMW  00000001)
[    0.000000] ACPI: HPET bfeebacf 00038 (v01 VMWARE VMW HPET 06040000 VMW  00000001)
[    0.000000] ACPI: WAET bfeebaa7 00028 (v01 VMWARE VMW WAET 06040000 VMW  00000001)
[    0.000000] ACPI: Local APIC address 0xfee00000
[    0.000000] 895MB LOWMEM available.
[    0.000000]   mapped low ram: 0 - 37f15000
[    0.000000]   low ram: 0 - 37f15000
[    0.000000] Zone PFN ranges:
[    0.000000]   DMA      0x00000010 -> 0x00001000
[    0.000000]   Normal   0x00001000 -> 0x00037f15
[    0.000000] Movable zone start PFN for each node
[    0.000000] early_node_map[2] active PFN ranges
[    0.000000]     0: 0x00000010 -> 0x0000009f
[    0.000000]     0: 0x00000100 -> 0x00037f15
[    0.000000] On node 0 totalpages: 229028
[    0.000000] free_area_init_node: node 0, pgdat c0625bc0, node_mem_map c1000200
[    0.000000]   DMA zone: 32 pages used for memmap
[    0.000000]   DMA zone: 0 pages reserved
[    0.000000]   DMA zone: 3951 pages, LIFO batch:0
[    0.000000]   Normal zone: 1759 pages used for memmap
[    0.000000]   Normal zone: 223286 pages, LIFO batch:31
[    0.000000] Using APIC driver default
[    0.000000] ACPI: PM-Timer IO Port: 0x1008
[    0.000000] ACPI: Local APIC address 0xfee00000
[    0.000000] ACPI: LAPIC (acpi_id[0x00] lapic_id[0x00] enabled)
[    0.000000] ACPI: LAPIC (acpi_id[0x01] lapic_id[0x01] enabled)
[    0.000000] ACPI: LAPIC (acpi_id[0x02] lapic_id[0x02] disabled)
[    0.000000] ACPI: LAPIC (acpi_id[0x03] lapic_id[0x03] disabled)
[    0.000000] ACPI: LAPIC (acpi_id[0x04] lapic_id[0x04] disabled)
[    0.000000] ACPI: LAPIC (acpi_id[0x05] lapic_id[0x05] disabled)
[    0.000000] ACPI: LAPIC (acpi_id[0x06] lapic_id[0x06] disabled)
[    0.000000] ACPI: LAPIC (acpi_id[0x07] lapic_id[0x07] disabled)
[    0.000000] ACPI: LAPIC (acpi_id[0x08] lapic_id[0x08] disabled)
[    0.000000] ACPI: LAPIC (acpi_id[0x09] lapic_id[0x09] disabled)
[    0.000000] ACPI: LAPIC (acpi_id[0x0a] lapic_id[0x0a] disabled)
[    0.000000] ACPI: LAPIC (acpi_id[0x0b] lapic_id[0x0b] disabled)
[    0.000000] ACPI: LAPIC (acpi_id[0x0c] lapic_id[0x0c] disabled)
[    0.000000] ACPI: LAPIC (acpi_id[0x0d] lapic_id[0x0d] disabled)
[    0.000000] ACPI: LAPIC (acpi_id[0x0e] lapic_id[0x0e] disabled)
[    0.000000] ACPI: LAPIC (acpi_id[0x0f] lapic_id[0x0f] disabled)
[    0.000000] ACPI: LAPIC (acpi_id[0x10] lapic_id[0x10] disabled)
[    0.000000] ACPI: LAPIC (acpi_id[0x11] lapic_id[0x11] disabled)
[    0.000000] ACPI: LAPIC (acpi_id[0x12] lapic_id[0x12] disabled)
[    0.000000] ACPI: LAPIC (acpi_id[0x13] lapic_id[0x13] disabled)
[    0.000000] ACPI: LAPIC (acpi_id[0x14] lapic_id[0x14] disabled)
[    0.000000] ACPI: LAPIC (acpi_id[0x15] lapic_id[0x15] disabled)
[    0.000000] ACPI: LAPIC (acpi_id[0x16] lapic_id[0x16] disabled)
[    0.000000] ACPI: LAPIC (acpi_id[0x17] lapic_id[0x17] disabled)
[    0.000000] ACPI: LAPIC (acpi_id[0x18] lapic_id[0x18] disabled)
[    0.000000] ACPI: LAPIC (acpi_id[0x19] lapic_id[0x19] disabled)
[    0.000000] ACPI: LAPIC (acpi_id[0x1a] lapic_id[0x1a] disabled)
[    0.000000] ACPI: LAPIC (acpi_id[0x1b] lapic_id[0x1b] disabled)
[    0.000000] ACPI: LAPIC (acpi_id[0x1c] lapic_id[0x1c] disabled)
[    0.000000] ACPI: LAPIC (acpi_id[0x1d] lapic_id[0x1d] disabled)
[    0.000000] ACPI: LAPIC (acpi_id[0x1e] lapic_id[0x1e] disabled)
[    0.000000] ACPI: LAPIC (acpi_id[0x1f] lapic_id[0x1f] disabled)
[    0.000000] ACPI: LAPIC (acpi_id[0x20] lapic_id[0x20] disabled)
[    0.000000] ACPI: LAPIC (acpi_id[0x21] lapic_id[0x21] disabled)
[    0.000000] ACPI: LAPIC (acpi_id[0x22] lapic_id[0x22] disabled)
[    0.000000] ACPI: LAPIC (acpi_id[0x23] lapic_id[0x23] disabled)
[    0.000000] ACPI: LAPIC (acpi_id[0x24] lapic_id[0x24] disabled)
[    0.000000] ACPI: LAPIC (acpi_id[0x25] lapic_id[0x25] disabled)
[    0.000000] ACPI: LAPIC (acpi_id[0x26] lapic_id[0x26] disabled)
[    0.000000] ACPI: LAPIC (acpi_id[0x27] lapic_id[0x27] disabled)
[    0.000000] ACPI: LAPIC (acpi_id[0x28] lapic_id[0x28] disabled)
[    0.000000] ACPI: LAPIC (acpi_id[0x29] lapic_id[0x29] disabled)
[    0.000000] ACPI: LAPIC (acpi_id[0x2a] lapic_id[0x2a] disabled)
[    0.000000] ACPI: LAPIC (acpi_id[0x2b] lapic_id[0x2b] disabled)
[    0.000000] ACPI: LAPIC (acpi_id[0x2c] lapic_id[0x2c] disabled)
[    0.000000] ACPI: LAPIC (acpi_id[0x2d] lapic_id[0x2d] disabled)
[    0.000000] ACPI: LAPIC (acpi_id[0x2e] lapic_id[0x2e] disabled)
[    0.000000] ACPI: LAPIC (acpi_id[0x2f] lapic_id[0x2f] disabled)
[    0.000000] ACPI: LAPIC (acpi_id[0x30] lapic_id[0x30] disabled)
[    0.000000] ACPI: LAPIC (acpi_id[0x31] lapic_id[0x31] disabled)
[    0.000000] ACPI: LAPIC (acpi_id[0x32] lapic_id[0x32] disabled)
[    0.000000] ACPI: LAPIC (acpi_id[0x33] lapic_id[0x33] disabled)
[    0.000000] ACPI: LAPIC (acpi_id[0x34] lapic_id[0x34] disabled)
[    0.000000] ACPI: LAPIC (acpi_id[0x35] lapic_id[0x35] disabled)
[    0.000000] ACPI: LAPIC (acpi_id[0x36] lapic_id[0x36] disabled)
[    0.000000] ACPI: LAPIC (acpi_id[0x37] lapic_id[0x37] disabled)
[    0.000000] ACPI: LAPIC (acpi_id[0x38] lapic_id[0x38] disabled)
[    0.000000] ACPI: LAPIC (acpi_id[0x39] lapic_id[0x39] disabled)
[    0.000000] ACPI: LAPIC (acpi_id[0x3a] lapic_id[0x3a] disabled)
[    0.000000] ACPI: LAPIC (acpi_id[0x3b] lapic_id[0x3b] disabled)
[    0.000000] ACPI: LAPIC (acpi_id[0x3c] lapic_id[0x3c] disabled)
[    0.000000] ACPI: LAPIC (acpi_id[0x3d] lapic_id[0x3d] disabled)
[    0.000000] ACPI: LAPIC (acpi_id[0x3e] lapic_id[0x3e] disabled)
[    0.000000] ACPI: LAPIC (acpi_id[0x3f] lapic_id[0x3f] disabled)
[    0.000000] ACPI: LAPIC_NMI (acpi_id[0x00] high edge lint[0x1])
[    0.000000] ACPI: LAPIC_NMI (acpi_id[0x01] high edge lint[0x1])
[    0.000000] ACPI: LAPIC_NMI (acpi_id[0x02] high edge lint[0x1])
[    0.000000] ACPI: LAPIC_NMI (acpi_id[0x03] high edge lint[0x1])
[    0.000000] ACPI: LAPIC_NMI (acpi_id[0x04] high edge lint[0x1])
[    0.000000] ACPI: LAPIC_NMI (acpi_id[0x05] high edge lint[0x1])
[    0.000000] ACPI: LAPIC_NMI (acpi_id[0x06] high edge lint[0x1])
[    0.000000] ACPI: LAPIC_NMI (acpi_id[0x07] high edge lint[0x1])
[    0.000000] ACPI: LAPIC_NMI (acpi_id[0x08] high edge lint[0x1])
[    0.000000] ACPI: LAPIC_NMI (acpi_id[0x09] high edge lint[0x1])
[    0.000000] ACPI: LAPIC_NMI (acpi_id[0x0a] high edge lint[0x1])
[    0.000000] ACPI: LAPIC_NMI (acpi_id[0x0b] high edge lint[0x1])
[    0.000000] ACPI: LAPIC_NMI (acpi_id[0x0c] high edge lint[0x1])
[    0.000000] ACPI: LAPIC_NMI (acpi_id[0x0d] high edge lint[0x1])
[    0.000000] ACPI: LAPIC_NMI (acpi_id[0x0e] high edge lint[0x1])
[    0.000000] ACPI: LAPIC_NMI (acpi_id[0x0f] high edge lint[0x1])
[    0.000000] ACPI: LAPIC_NMI (acpi_id[0x10] high edge lint[0x1])
[    0.000000] ACPI: LAPIC_NMI (acpi_id[0x11] high edge lint[0x1])
[    0.000000] ACPI: LAPIC_NMI (acpi_id[0x12] high edge lint[0x1])
[    0.000000] ACPI: LAPIC_NMI (acpi_id[0x13] high edge lint[0x1])
[    0.000000] ACPI: LAPIC_NMI (acpi_id[0x14] high edge lint[0x1])
[    0.000000] ACPI: LAPIC_NMI (acpi_id[0x15] high edge lint[0x1])
[    0.000000] ACPI: LAPIC_NMI (acpi_id[0x16] high edge lint[0x1])
[    0.000000] ACPI: LAPIC_NMI (acpi_id[0x17] high edge lint[0x1])
[    0.000000] ACPI: LAPIC_NMI (acpi_id[0x18] high edge lint[0x1])
[    0.000000] ACPI: LAPIC_NMI (acpi_id[0x19] high edge lint[0x1])
[    0.000000] ACPI: LAPIC_NMI (acpi_id[0x1a] high edge lint[0x1])
[    0.000000] ACPI: LAPIC_NMI (acpi_id[0x1b] high edge lint[0x1])
[    0.000000] ACPI: LAPIC_NMI (acpi_id[0x1c] high edge lint[0x1])
[    0.000000] ACPI: LAPIC_NMI (acpi_id[0x1d] high edge lint[0x1])
[    0.000000] ACPI: LAPIC_NMI (acpi_id[0x1e] high edge lint[0x1])
[    0.000000] ACPI: LAPIC_NMI (acpi_id[0x1f] high edge lint[0x1])
[    0.000000] ACPI: LAPIC_NMI (acpi_id[0x20] high edge lint[0x1])
[    0.000000] ACPI: LAPIC_NMI (acpi_id[0x21] high edge lint[0x1])
[    0.000000] ACPI: LAPIC_NMI (acpi_id[0x22] high edge lint[0x1])
[    0.000000] ACPI: LAPIC_NMI (acpi_id[0x23] high edge lint[0x1])
[    0.000000] ACPI: LAPIC_NMI (acpi_id[0x24] high edge lint[0x1])
[    0.000000] ACPI: LAPIC_NMI (acpi_id[0x25] high edge lint[0x1])
[    0.000000] ACPI: LAPIC_NMI (acpi_id[0x26] high edge lint[0x1])
[    0.000000] ACPI: LAPIC_NMI (acpi_id[0x27] high edge lint[0x1])
[    0.000000] ACPI: LAPIC_NMI (acpi_id[0x28] high edge lint[0x1])
[    0.000000] ACPI: LAPIC_NMI (acpi_id[0x29] high edge lint[0x1])
[    0.000000] ACPI: LAPIC_NMI (acpi_id[0x2a] high edge lint[0x1])
[    0.000000] ACPI: LAPIC_NMI (acpi_id[0x2b] high edge lint[0x1])
[    0.000000] ACPI: LAPIC_NMI (acpi_id[0x2c] high edge lint[0x1])
[    0.000000] ACPI: LAPIC_NMI (acpi_id[0x2d] high edge lint[0x1])
[    0.000000] ACPI: LAPIC_NMI (acpi_id[0x2e] high edge lint[0x1])
[    0.000000] ACPI: LAPIC_NMI (acpi_id[0x2f] high edge lint[0x1])
[    0.000000] ACPI: LAPIC_NMI (acpi_id[0x30] high edge lint[0x1])
[    0.000000] ACPI: LAPIC_NMI (acpi_id[0x31] high edge lint[0x1])
[    0.000000] ACPI: LAPIC_NMI (acpi_id[0x32] high edge lint[0x1])
[    0.000000] ACPI: LAPIC_NMI (acpi_id[0x33] high edge lint[0x1])
[    0.000000] ACPI: LAPIC_NMI (acpi_id[0x34] high edge lint[0x1])
[    0.000000] ACPI: LAPIC_NMI (acpi_id[0x35] high edge lint[0x1])
[    0.000000] ACPI: LAPIC_NMI (acpi_id[0x36] high edge lint[0x1])
[    0.000000] ACPI: LAPIC_NMI (acpi_id[0x37] high edge lint[0x1])
[    0.000000] ACPI: LAPIC_NMI (acpi_id[0x38] high edge lint[0x1])
[    0.000000] ACPI: LAPIC_NMI (acpi_id[0x39] high edge lint[0x1])
[    0.000000] ACPI: LAPIC_NMI (acpi_id[0x3a] high edge lint[0x1])
[    0.000000] ACPI: LAPIC_NMI (acpi_id[0x3b] high edge lint[0x1])
[    0.000000] ACPI: LAPIC_NMI (acpi_id[0x3c] high edge lint[0x1])
[    0.000000] ACPI: LAPIC_NMI (acpi_id[0x3d] high edge lint[0x1])
[    0.000000] ACPI: LAPIC_NMI (acpi_id[0x3e] high edge lint[0x1])
[    0.000000] ACPI: LAPIC_NMI (acpi_id[0x3f] high edge lint[0x1])
[    0.000000] ACPI: IOAPIC (id[0x40] address[0xfec00000] gsi_base[0])
[    0.000000] IOAPIC[0]: apic_id 64, version 17, address 0xfec00000, GSI 0-23
[    0.000000] ACPI: INT_SRC_OVR (bus 0 bus_irq 0 global_irq 2 high edge)
[    0.000000] ACPI: IRQ0 used by override.
[    0.000000] ACPI: IRQ2 used by override.
[    0.000000] ACPI: IRQ9 used by override.
[    0.000000] Using ACPI (MADT) for SMP configuration information
[    0.000000] ACPI: HPET id: 0x8086af01 base: 0xfed00000
[    0.000000] 64 Processors exceeds NR_CPUS limit of 8
[    0.000000] SMP: Allowing 8 CPUs, 6 hotplug CPUs
[    0.000000] nr_irqs_gsi: 40
[    0.000000] early_res array is doubled to 64 at [16000 - 167ff]
[    0.000000] Allocating PCI resources starting at c0000000 (gap: c0000000:30000000)
[    0.000000] setup_percpu: NR_CPUS:8 nr_cpumask_bits:8 nr_cpu_ids:8 nr_node_ids:1
[    0.000000] PERCPU: Embedded 13 pages/cpu @c1800000 s30208 r0 d23040 u524288
[    0.000000] pcpu-alloc: s30208 r0 d23040 u524288 alloc=1*4194304
[    0.000000] pcpu-alloc: [0] 0 1 2 3 4 5 6 7 
[    0.000000] Built 1 zonelists in Zone order, mobility grouping on.  Total pages: 227237
[    0.000000] Kernel command line: BOOT_IMAGE=/boot/vmlinuz-2.6.36CosMC root=UUID=a18df098-ec65-48a9-b4bc-34c5fdb0af82 ro quiet splash
[    0.000000] PID hash table entries: 4096 (order: 2, 16384 bytes)
[    0.000000] Dentry cache hash table entries: 131072 (order: 7, 524288 bytes)
[    0.000000] Inode-cache hash table entries: 65536 (order: 6, 262144 bytes)
[    0.000000] Enabling fast FPU save and restore... done.
[    0.000000] Enabling unmasked SIMD FPU exception support... done.
[    0.000000] Initializing CPU#0
[    0.000000] xsave/xrstor: enabled xstate_bv 0x7, cntxt size 0x340
[    0.000000] allocated 4582500 bytes of page_cgroup
[    0.000000] please try 'cgroup_disable=memory' option if you don't want memory cgroups
[    0.000000] Subtract (56 early reservations)
[    0.000000]   #1 [0000001000 - 0000002000]   EX TRAMPOLINE
[    0.000000]   #2 [0000100000 - 00008ea744]   TEXT DATA BSS
[    0.000000]   #3 [00008eb000 - 00008ee1c0]             BRK
[    0.000000]   #4 [00000f6c00 - 0000100000]   BIOS reserved
[    0.000000]   #5 [00000f6bf0 - 00000f6c00]    MP-table mpf
[    0.000000]   #6 [000009f000 - 000009f570]   BIOS reserved
[    0.000000]   #7 [000009fb64 - 00000f6bf0]   BIOS reserved
[    0.000000]   #8 [000009f570 - 000009fb64]    MP-table mpc
[    0.000000]   #9 [0000010000 - 0000011000]      TRAMPOLINE
[    0.000000]   #10 [0000011000 - 0000015000]     ACPI WAKEUP
[    0.000000]   #11 [0000015000 - 0000016000]         PGTABLE
[    0.000000]   #12 [00008ef000 - 0000fe7000]     NEW RAMDISK
[    0.000000]   #13 [0001000000 - 0001700000]         BOOTMEM
[    0.000000]   #14 [0001700000 - 0001700004]         BOOTMEM
[    0.000000]   #15 [0001700040 - 0001700100]         BOOTMEM
[    0.000000]   #16 [0001700100 - 0001700154]         BOOTMEM
[    0.000000]   #17 [0001700180 - 0001703180]         BOOTMEM
[    0.000000]   #18 [0001703180 - 00017031a5]         BOOTMEM
[    0.000000]   #19 [00017031c0 - 00017031e7]         BOOTMEM
[    0.000000]   #20 [0001703200 - 000170336c]         BOOTMEM
[    0.000000]   #21 [0001703380 - 00017033c0]         BOOTMEM
[    0.000000]   #22 [00017033c0 - 0001703400]         BOOTMEM
[    0.000000]   #23 [0001703400 - 0001703440]         BOOTMEM
[    0.000000]   #24 [0001703440 - 0001703480]         BOOTMEM
[    0.000000]   #25 [0001703480 - 00017034c0]         BOOTMEM
[    0.000000]   #26 [00017034c0 - 0001703500]         BOOTMEM
[    0.000000]   #27 [0001703500 - 0001703540]         BOOTMEM
[    0.000000]   #28 [0001703540 - 0001703580]         BOOTMEM
[    0.000000]   #29 [0001703580 - 00017035c0]         BOOTMEM
[    0.000000]   #30 [00017035c0 - 0001703600]         BOOTMEM
[    0.000000]   #31 [0001703600 - 0001703640]         BOOTMEM
[    0.000000]   #32 [0001703640 - 0001703680]         BOOTMEM
[    0.000000]   #33 [0001703680 - 00017036e4]         BOOTMEM
[    0.000000]   #34 [0001703700 - 0001703764]         BOOTMEM
[    0.000000]   #35 [0001800000 - 000180d000]         BOOTMEM
[    0.000000]   #36 [0001880000 - 000188d000]         BOOTMEM
[    0.000000]   #37 [0001900000 - 000190d000]         BOOTMEM
[    0.000000]   #38 [0001980000 - 000198d000]         BOOTMEM
[    0.000000]   #39 [0001a00000 - 0001a0d000]         BOOTMEM
[    0.000000]   #40 [0001a80000 - 0001a8d000]         BOOTMEM
[    0.000000]   #41 [0001b00000 - 0001b0d000]         BOOTMEM
[    0.000000]   #42 [0001b80000 - 0001b8d000]         BOOTMEM
[    0.000000]   #43 [0001705780 - 0001705784]         BOOTMEM
[    0.000000]   #44 [00017057c0 - 00017057c4]         BOOTMEM
[    0.000000]   #45 [0001705800 - 0001705820]         BOOTMEM
[    0.000000]   #46 [0001705840 - 0001705860]         BOOTMEM
[    0.000000]   #47 [0001705880 - 0001705918]         BOOTMEM
[    0.000000]   #48 [0001705940 - 0001705978]         BOOTMEM
[    0.000000]   #49 [0001705980 - 0001709980]         BOOTMEM
[    0.000000]   #50 [0001709980 - 0001789980]         BOOTMEM
[    0.000000]   #51 [0001789980 - 00017c9980]         BOOTMEM
[    0.000000]   #52 [0001703780 - 000170378c]         BOOTMEM
[    0.000000]   #53 [00017037c0 - 00017037cc]         BOOTMEM
[    0.000000]   #54 [0001703800 - 0001703b40]         BOOTMEM
[    0.000000]   #55 [0001b8d000 - 0001febc64]         BOOTMEM
[    0.000000] Memory: 887964k/916564k available (3715k kernel code, 28148k reserved, 1577k data, 480k init, 0k highmem)
[    0.000000] virtual kernel memory layout:
[    0.000000]     fixmap  : 0xfff17000 - 0xfffff000   ( 928 kB)
[    0.000000]     vmalloc : 0xf8715000 - 0xfff15000   ( 120 MB)
[    0.000000]     lowmem  : 0xc0000000 - 0xf7f15000   ( 895 MB)
[    0.000000]       .init : 0xc062c000 - 0xc06a4000   ( 480 kB)
[    0.000000]       .data : 0xc04a0c88 - 0xc062b2e8   (1577 kB)
[    0.000000]       .text : 0xc0100000 - 0xc04a0c88   (3715 kB)
[    0.000000] Checking if this processor honours the WP bit even in supervisor mode...Ok.
[    0.000000] SLUB: Genslabs=13, HWalign=64, Order=0-3, MinObjects=0, CPUs=8, Nodes=1
[    0.000000] Hierarchical RCU implementation.
[    0.000000] RCU-based detection of stalled CPUs is disabled.
[    000000.000000] Verbose stalled-CPUs detection is disabled.
[    0.000000] NR_CPUS_IRQS:512
[    0.000000] Extended CMOS year: 2000
[    0.000000] Console: colour VGA+ 80x25
[    0.000000] console [tty0] enabled
[    0.000000] hpet clockevent registered
[    0.000000] TSC freq read from hypervisor : 2392.247 MHz
[    0.000000] Detected 2392.247 MHz processor.
[    0.000002] Calibrating delay loop (skipped) preset value.. 4784.49 BogoMIPS (lpj=23922470)
[    0.000005] pid_max: default: 32768 minimum: 301
[    0.000023] Mount-cache hash table entries: 512
[    0.000150] Initializing cgroup subsys ns
[    0.000153] Initializing cgroup subsys cpuacct
[    0.000156] Initializing cgroup subsys memory
[    0.000163] Initializing cgroup subsys devices
[    0.000164] Initializing cgroup subsys freezer
[    0.000166] Initializing cgroup subsys net_cls
[    0.000269] CPU: Physical Processor ID: 0
[    0.000270] CPU: Processor Core ID: 0
[    0.000334] mce: CPU supports 0 MCE banks
[    0.000362] Performance Events: generic architected perfmon, core PMU driver.
[    0.000373] ... version:                1
[    0.000374] ... bit width:              48
[    0.000374] ... generic registers:      4
[    0.000375] ... value mask:             0000ffffffffffff
[    0.000376] ... max period:             000000007fffffff
[    0.000377] ... fixed-purpose events:   0
[    0.000378] ... event mask:             000000000000000f
[    0.001863] ACPI: Core revision 20100702
[    0.013147] Enabling APIC mode:  Flat.  Using 1 I/O APICs
[    0.013545] ..TIMER: vector=0x30 apic1=0 pin1=2 apic2=-1 pin2=-1
[    0.113610] CPU0: Intel(R) Core(TM) i7-2760QM CPU @ 2.40GHz stepping 07
[    0.232395] Booting Node   0, Processors  #1
[    0.242617] Initializing CPU#1
[    0.243789] mce: CPU supports 0 MCE banks
[    0.243877] Brought up 2 CPUs
[    0.243880] Total of 2 processors activated (9568.98 BogoMIPS).
[    0.244137] x86 PAT enabled: cpu 1, old 0x0, new 0x7010600070106
[    0.244452] devtmpfs: initialized
[    0.244683] regulator: core version 0.5
[    0.244740] NET: Registered protocol family 16
[    0.244836] EISA bus registered
[    0.244845] ACPI: bus type pci registered
[    0.245034] PCI: MMCONFIG for domain 0000 [bus 00-7f] at [mem 0xf0000000-0xf7ffffff] (base 0xf0000000)
[    0.245037] PCI: MMCONFIG at [mem 0xf0000000-0xf7ffffff] reserved in E820
[    0.245038] PCI: Using MMCONFIG for extended config space
[    0.245039] PCI: Using configuration type 1 for base access
[    0.246112] bio: create slab <bio-0> at 0
[    0.250121] ACPI: EC: Look up EC in DSDT
[    0.259337] ACPI: BIOS _OSI(Linux) query ignored
[    0.266534] ACPI: Interpreter enabled
[    0.266541] ACPI: (supports S0 S1 S5)
[    0.266550] ACPI: Using IOAPIC for interrupt routing
[    0.289362] PCI: Using host bridge windows from ACPI; if necessary, use "pci=nocrs" and report a bug
[    0.290120] ACPI: PCI Root Bridge [PCI0] (domain 0000 [bus 00-7f])
[    0.291328] pci_root PNP0A03:00: host bridge window [mem 0x000a0000-0x000bffff]
[    0.291332] pci_root PNP0A03:00: host bridge window [mem 0x000cc000-0x000cffff]
[    0.291333] pci_root PNP0A03:00: host bridge window [mem 0x000d0000-0x000d3fff]
[    0.291335] pci_root PNP0A03:00: host bridge window [mem 0x000d4000-0x000d7fff]
[    0.291337] pci_root PNP0A03:00: host bridge window [mem 0x000d8000-0x000dbfff]
[    0.291339] pci_root PNP0A03:00: host bridge window [mem 0xc0000000-0xfebfffff]
[    0.291342] pci_root PNP0A03:00: host bridge window [io  0x0000-0x0cf7]
[    0.291349] pci_root PNP0A03:00: host bridge window [io  0x0d00-0xfeff]
[    0.295379] pci 0000:00:07.1: reg 20: [io  0x1060-0x106f]
[    0.299663] pci 0000:00:07.3: quirk: [io  0x1000-0x103f] claimed by PIIX4 ACPI
[    0.299676] pci 0000:00:07.3: quirk: [io  0x1040-0x104f] claimed by PIIX4 SMB
[    0.300815] pci 0000:00:07.7: reg 10: [io  0x1080-0x10bf]
[    0.301929] pci 0000:00:07.7: reg 14: [mem 0xfebfe000-0xfebfffff 64bit]
[    0.309190] pci 0000:00:0f.0: reg 10: [io  0x1070-0x107f]
[    0.313032] pci 0000:00:0f.0: reg 14: [mem 0xe8000000-0xefffffff pref]
[    0.316244] pci 0000:00:0f.0: reg 18: [mem 0xfe000000-0xfe7fffff]
[    0.330488] pci 0000:00:0f.0: reg 30: [mem 0x00000000-0x00007fff pref]
[    0.331901] pci 0000:00:10.0: reg 10: [io  0x1400-0x14ff]
[    0.333168] pci 0000:00:10.0: reg 14: [mem 0xfeba0000-0xfebbffff 64bit]
[    0.334405] pci 0000:00:10.0: reg 1c: [mem 0xfebc0000-0xfebdffff 64bit]
[    0.336300] pci 0000:00:10.0: reg 30: [mem 0x00000000-0x00003fff pref]
[    0.337690] pci 0000:00:15.0: PME# supported from D0 D3hot D3cold
[    0.337721] pci 0000:00:15.0: PME# disabled
[    0.338706] pci 0000:00:15.1: PME# supported from D0 D3hot D3cold
[    0.338737] pci 0000:00:15.1: PME# disabled
[    0.339682] pci 0000:00:15.2: PME# supported from D0 D3hot D3cold
[    0.339713] pci 0000:00:15.2: PME# disabled
[    0.340516] pci 0000:00:15.3: PME# supported from D0 D3hot D3cold
[    0.340539] pci 0000:00:15.3: PME# disabled
[    0.341339] pci 0000:00:15.4: PME# supported from D0 D3hot D3cold
[    0.341363] pci 0000:00:15.4: PME# disabled
[    0.342109] pci 0000:00:15.5: PME# supported from D0 D3hot D3cold
[    0.342127] pci 0000:00:15.5: PME# disabled
[    0.342781] pci 0000:00:15.6: PME# supported from D0 D3hot D3cold
[    0.342800] pci 0000:00:15.6: PME# disabled
[    0.343521] pci 0000:00:15.7: PME# supported from D0 D3hot D3cold
[    0.343540] pci 0000:00:15.7: PME# disabled
[    0.344283] pci 0000:00:16.0: PME# supported from D0 D3hot D3cold
[    0.344302] pci 0000:00:16.0: PME# disabled
[    0.345004] pci 0000:00:16.1: PME# supported from D0 D3hot D3cold
[    0.345038] pci 0000:00:16.1: PME# disabled
[    0.345772] pci 0000:00:16.2: PME# supported from D0 D3hot D3cold
[    0.345795] pci 0000:00:16.2: PME# disabled
[    0.346507] pci 0000:00:16.3: PME# supported from D0 D3hot D3cold
[    0.346530] pci 0000:00:16.3: PME# disabled
[    0.347246] pci 0000:00:16.4: PME# supported from D0 D3hot D3cold
[    0.347266] pci 0000:00:16.4: PME# disabled
[    0.348111] pci 0000:00:16.5: PME# supported from D0 D3hot D3cold
[    0.348131] pci 0000:00:16.5: PME# disabled
[    0.348799] pci 0000:00:16.6: PME# supported from D0 D3hot D3cold
[    0.348819] pci 0000:00:16.6: PME# disabled
[    0.349445] pci 0000:00:16.7: PME# supported from D0 D3hot D3cold
[    0.349463] pci 0000:00:16.7: PME# disabled
[    0.350089] pci 0000:00:17.0: PME# supported from D0 D3hot D3cold
[    0.350108] pci 0000:00:17.0: PME# disabled
[    0.350727] pci 0000:00:17.1: PME# supported from D0 D3hot D3cold
[    0.350745] pci 0000:00:17.1: PME# disabled
[    0.351366] pci 0000:00:17.2: PME# supported from D0 D3hot D3cold
[    0.351385] pci 0000:00:17.2: PME# disabled
[    0.352003] pci 0000:00:17.3: PME# supported from D0 D3hot D3cold
[    0.352021] pci 0000:00:17.3: PME# disabled
[    0.352642] pci 0000:00:17.4: PME# supported from D0 D3hot D3cold
[    0.352661] pci 0000:00:17.4: PME# disabled
[    0.353299] pci 0000:00:17.5: PME# supported from D0 D3hot D3cold
[    0.353317] pci 0000:00:17.5: PME# disabled
[    0.354038] pci 0000:00:17.6: PME# supported from D0 D3hot D3cold
[    0.354064] pci 0000:00:17.6: PME# disabled
[    0.354989] pci 0000:00:17.7: PME# supported from D0 D3hot D3cold
[    0.355018] pci 0000:00:17.7: PME# disabled
[    0.355939] pci 0000:00:18.0: PME# supported from D0 D3hot D3cold
[    0.355969] pci 0000:00:18.0: PME# disabled
[    0.356819] pci 0000:00:18.1: PME# supported from D0 D3hot D3cold
[    0.356839] pci 0000:00:18.1: PME# disabled
[    0.357583] pci 0000:00:18.2: PME# supported from D0 D3hot D3cold
[    0.357602] pci 0000:00:18.2: PME# disabled
[    0.358353] pci 0000:00:18.3: PME# supported from D0 D3hot D3cold
[    0.358375] pci 0000:00:18.3: PME# disabled
[    0.359036] pci 0000:00:18.4: PME# supported from D0 D3hot D3cold
[    0.359055] pci 0000:00:18.4: PME# disabled
[    0.359780] pci 0000:00:18.5: PME# supported from D0 D3hot D3cold
[    0.359807] pci 0000:00:18.5: PME# disabled
[    0.360473] pci 0000:00:18.6: PME# supported from D0 D3hot D3cold
[    0.360499] pci 0000:00:18.6: PME# disabled
[    0.361152] pci 0000:00:18.7: PME# supported from D0 D3hot D3cold
[    0.361170] pci 0000:00:18.7: PME# disabled
[    0.361707] pci 0000:00:01.0: PCI bridge to [bus 01-01]
[    0.361726] pci 0000:00:01.0:   bridge window [io  0xf000-0x0000] (disabled)
[    0.361745] pci 0000:00:01.0:   bridge window [mem 0xfff00000-0x000fffff] (disabled)
[    0.361763] pci 0000:00:01.0:   bridge window [mem 0xfff00000-0x000fffff pref] (disabled)
[    0.364612] pci 0000:02:00.0: reg 20: [io  0x20c0-0x20df]
[    0.366269] pci 0000:02:01.0: reg 10: [io  0x2000-0x207f]
[    0.368861] pci 0000:02:01.0: reg 30: [mem 0x00000000-0x0000ffff pref]
[    0.369433] pci 0000:02:02.0: reg 10: [io  0x2080-0x20bf]
[    0.375452] pci 0000:02:03.0: reg 10: [mem 0xfd5ff000-0xfd5fffff]
[    0.378503] pci 0000:00:11.0: PCI bridge to [bus 02-02] (subtractive decode)
[    0.378534] pci 0000:00:11.0:   bridge window [io  0x2000-0x3fff]
[    0.378559] pci 0000:00:11.0:   bridge window [mem 0xfd500000-0xfdffffff]
[    0.378606] pci 0000:00:11.0:   bridge window [mem 0xe7b00000-0xe7ffffff 64bit pref]
[    0.378610] pci 0000:00:11.0:   bridge window [mem 0x000a0000-0x000bffff] (subtractive decode)
[    0.378612] pci 0000:00:11.0:   bridge window [mem 0x000cc000-0x000cffff] (subtractive decode)
[    0.378614] pci 0000:00:11.0:   bridge window [mem 0x000d0000-0x000d3fff] (subtractive decode)
[    0.378615] pci 0000:00:11.0:   bridge window [mem 0x000d4000-0x000d7fff] (subtractive decode)
[    0.378617] pci 0000:00:11.0:   bridge window [mem 0x000d8000-0x000dbfff] (subtractive decode)
[    0.378619] pci 0000:00:11.0:   bridge window [mem 0xc0000000-0xfebfffff] (subtractive decode)
[    0.378621] pci 0000:00:11.0:   bridge window [io  0x0000-0x0cf7] (subtractive decode)
[    0.378623] pci 0000:00:11.0:   bridge window [io  0x0d00-0xfeff] (subtractive decode)
[    0.379187] pci 0000:00:15.0: PCI bridge to [bus 03-03]
[    0.379213] pci 0000:00:15.0:   bridge window [io  0x4000-0x4fff]
[    0.379239] pci 0000:00:15.0:   bridge window [mem 0xfd400000-0xfd4fffff]
[    0.379287] pci 0000:00:15.0:   bridge window [mem 0xe7a00000-0xe7afffff 64bit pref]
[    0.379814] pci 0000:00:15.1: PCI bridge to [bus 04-04]
[    0.379837] pci 0000:00:15.1:   bridge window [io  0x8000-0x8fff]
[    0.379861] pci 0000:00:15.1:   bridge window [mem 0xfd000000-0xfd0fffff]
[    0.379907] pci 0000:00:15.1:   bridge window [mem 0xe7600000-0xe76fffff 64bit pref]
[    0.380413] pci 0000:00:15.2: PCI bridge to [bus 05-05]
[    0.380437] pci 0000:00:15.2:   bridge window [io  0xc000-0xcfff]
[    0.380461] pci 0000:00:15.2:   bridge window [mem 0xfcc00000-0xfccfffff]
[    0.380506] pci 0000:00:15.2:   bridge window [mem 0xe7200000-0xe72fffff 64bit pref]
[    0.381020] pci 0000:00:15.3: PCI bridge to [bus 06-06]
[    0.381044] pci 0000:00:15.3:   bridge window [io  0xf000-0x0000] (disabled)
[    0.381068] pci 0000:00:15.3:   bridge window [mem 0xfc800000-0xfc8fffff]
[    0.381114] pci 0000:00:15.3:   bridge window [mem 0xe6e00000-0xe6efffff 64bit pref]
[    0.381618] pci 0000:00:15.4: PCI bridge to [bus 07-07]
[    0.381642] pci 0000:00:15.4:   bridge window [io  0xf000-0x0000] (disabled)
[    0.381667] pci 0000:00:15.4:   bridge window [mem 0xfc400000-0xfc4fffff]
[    0.381713] pci 0000:00:15.4:   bridge window [mem 0xe6a00000-0xe6afffff 64bit pref]
[    0.382226] pci 0000:00:15.5: PCI bridge to [bus 08-08]
[    0.382249] pci 0000:00:15.5:   bridge window [io  0xf000-0x0000] (disabled)
[    0.382273] pci 0000:00:15.5:   bridge window [mem 0xfc000000-0xfc0fffff]
[    0.382318] pci 0000:00:15.5:   bridge window [mem 0xe6600000-0xe66fffff 64bit pref]
[    0.382808] pci 0000:00:15.6: PCI bridge to [bus 09-09]
[    0.382832] pci 0000:00:15.6:   bridge window [io  0xf000-0x0000] (disabled)
[    0.382856] pci 0000:00:15.6:   bridge window [mem 0xfbc00000-0xfbcfffff]
[    0.382901] pci 0000:00:15.6:   bridge window [mem 0xe6200000-0xe62fffff 64bit pref]
[    0.383389] pci 0000:00:15.7: PCI bridge to [bus 0a-0a]
[    0.383413] pci 0000:00:15.7:   bridge window [io  0xf000-0x0000] (disabled)
[    0.383436] pci 0000:00:15.7:   bridge window [mem 0xfb800000-0xfb8fffff]
[    0.383482] pci 0000:00:15.7:   bridge window [mem 0xe5e00000-0xe5efffff 64bit pref]
[    0.383967] pci 0000:00:16.0: PCI bridge to [bus 0b-0b]
[    0.383990] pci 0000:00:16.0:   bridge window [io  0x5000-0x5fff]
[    0.384014] pci 0000:00:16.0:   bridge window [mem 0xfd300000-0xfd3fffff]
[    0.384060] pci 0000:00:16.0:   bridge window [mem 0xe7900000-0xe79fffff 64bit pref]
[    0.384546] pci 0000:00:16.1: PCI bridge to [bus 0c-0c]
[    0.384570] pci 0000:00:16.1:   bridge window [io  0x9000-0x9fff]
[    0.384594] pci 0000:00:16.1:   bridge window [mem 0xfcf00000-0xfcffffff]
[    0.384640] pci 0000:00:16.1:   bridge window [mem 0xe7500000-0xe75fffff 64bit pref]
[    0.385133] pci 0000:00:16.2: PCI bridge to [bus 0d-0d]
[    0.385157] pci 0000:00:16.2:   bridge window [io  0xd000-0xdfff]
[    0.385181] pci 0000:00:16.2:   bridge window [mem 0xfcb00000-0xfcbfffff]
[    0.385226] pci 0000:00:16.2:   bridge window [mem 0xe7100000-0xe71fffff 64bit pref]
[    0.385713] pci 0000:00:16.3: PCI bridge to [bus 0e-0e]
[    0.385736] pci 0000:00:16.3:   bridge window [io  0xf000-0x0000] (disabled)
[    0.385760] pci 0000:00:16.3:   bridge window [mem 0xfc700000-0xfc7fffff]
[    0.385806] pci 0000:00:16.3:   bridge window [mem 0xe6d00000-0xe6dfffff 64bit pref]
[    0.386290] pci 0000:00:16.4: PCI bridge to [bus 0f-0f]
[    0.386313] pci 0000:00:16.4:   bridge window [io  0xf000-0x0000] (disabled)
[    0.386337] pci 0000:00:16.4:   bridge window [mem 0xfc300000-0xfc3fffff]
[    0.386382] pci 0000:00:16.4:   bridge window [mem 0xe6900000-0xe69fffff 64bit pref]
[    0.386891] pci 0000:00:16.5: PCI bridge to [bus 10-10]
[    0.386915] pci 0000:00:16.5:   bridge window [io  0xf000-0x0000] (disabled)
[    0.386940] pci 0000:00:16.5:   bridge window [mem 0xfbf00000-0xfbffffff]
[    0.386988] pci 0000:00:16.5:   bridge window [mem 0xe6500000-0xe65fffff 64bit pref]
[    0.387543] pci 0000:00:16.6: PCI bridge to [bus 11-11]
[    0.387569] pci 0000:00:16.6:   bridge window [io  0xf000-0x0000] (disabled)
[    0.387594] pci 0000:00:16.6:   bridge window [mem 0xfbb00000-0xfbbfffff]
[    0.387642] pci 0000:00:16.6:   bridge window [mem 0xe6100000-0xe61fffff 64bit pref]
[    0.388191] pci 0000:00:16.7: PCI bridge to [bus 12-12]
[    0.388219] pci 0000:00:16.7:   bridge window [io  0xf000-0x0000] (disabled)
[    0.388245] pci 0000:00:16.7:   bridge window [mem 0xfb700000-0xfb7fffff]
[    0.388298] pci 0000:00:16.7:   bridge window [mem 0xe5d00000-0xe5dfffff 64bit pref]
[    0.388865] pci 0000:00:17.0: PCI bridge to [bus 13-13]
[    0.388884] pci 0000:00:17.0:   bridge window [io  0x6000-0x6fff]
[    0.388902] pci 0000:00:17.0:   bridge window [mem 0xfd200000-0xfd2fffff]
[    0.388936] pci 0000:00:17.0:   bridge window [mem 0xe7800000-0xe78fffff 64bit pref]
[    0.389326] pci 0000:00:17.1: PCI bridge to [bus 14-14]
[    0.389345] pci 0000:00:17.1:   bridge window [io  0xa000-0xafff]
[    0.389364] pci 0000:00:17.1:   bridge window [mem 0xfce00000-0xfcefffff]
[    0.389400] pci 0000:00:17.1:   bridge window [mem 0xe7400000-0xe74fffff 64bit pref]
[    0.389799] pci 0000:00:17.2: PCI bridge to [bus 15-15]
[    0.389820] pci 0000:00:17.2:   bridge window [io  0xe000-0xefff]
[    0.389840] pci 0000:00:17.2:   bridge window [mem 0xfca00000-0xfcafffff]
[    0.389878] pci 0000:00:17.2:   bridge window [mem 0xe7000000-0xe70fffff 64bit pref]
[    0.390320] pci 0000:00:17.3: PCI bridge to [bus 16-16]
[    0.390347] pci 0000:00:17.3:   bridge window [io  0xf000-0x0000] (disabled)
[    0.390371] pci 0000:00:17.3:   bridge window [mem 0xfc600000-0xfc6fffff]
[    0.390412] pci 0000:00:17.3:   bridge window [mem 0xe6c00000-0xe6cfffff 64bit pref]
[    0.390825] pci 0000:00:17.4: PCI bridge to [bus 17-17]
[    0.390844] pci 0000:00:17.4:   bridge window [io  0xf000-0x0000] (disabled)
[    0.390863] pci 0000:00:17.4:   bridge window [mem 0xfc200000-0xfc2fffff]
[    0.390898] pci 0000:00:17.4:   bridge window [mem 0xe6800000-0xe68fffff 64bit pref]
[    0.391312] pci 0000:00:17.5: PCI bridge to [bus 18-18]
[    0.391333] pci 0000:00:17.5:   bridge window [io  0xf000-0x0000] (disabled)
[    0.391352] pci 0000:00:17.5:   bridge window [mem 0xfbe00000-0xfbefffff]
[    0.391386] pci 0000:00:17.5:   bridge window [mem 0xe6400000-0xe64fffff 64bit pref]
[    0.391776] pci 0000:00:17.6: PCI bridge to [bus 19-19]
[    0.391794] pci 0000:00:17.6:   bridge window [io  0xf000-0x0000] (disabled)
[    0.391812] pci 0000:00:17.6:   bridge window [mem 0xfba00000-0xfbafffff]
[    0.391849] pci 0000:00:17.6:   bridge window [mem 0xe6000000-0xe60fffff 64bit pref]
[    0.392238] pci 0000:00:17.7: PCI bridge to [bus 1a-1a]
[    0.392258] pci 0000:00:17.7:   bridge window [io  0xf000-0x0000] (disabled)
[    0.392280] pci 0000:00:17.7:   bridge window [mem 0xfb600000-0xfb6fffff]
[    0.392316] pci 0000:00:17.7:   bridge window [mem 0xe5c00000-0xe5cfffff 64bit pref]
[    0.392710] pci 0000:00:18.0: PCI bridge to [bus 1b-1b]
[    0.392729] pci 0000:00:18.0:   bridge window [io  0x7000-0x7fff]
[    0.392747] pci 0000:00:18.0:   bridge window [mem 0xfd100000-0xfd1fffff]
[    0.392781] pci 0000:00:18.0:   bridge window [mem 0xe7700000-0xe77fffff 64bit pref]
[    0.393160] pci 0000:00:18.1: PCI bridge to [bus 1c-1c]
[    0.393177] pci 0000:00:18.1:   bridge window [io  0xb000-0xbfff]
[    0.393196] pci 0000:00:18.1:   bridge window [mem 0xfcd00000-0xfcdfffff]
[    0.393230] pci 0000:00:18.1:   bridge window [mem 0xe7300000-0xe73fffff 64bit pref]
[    0.393620] pci 0000:00:18.2: PCI bridge to [bus 1d-1d]
[    0.393639] pci 0000:00:18.2:   bridge window [io  0xf000-0x0000] (disabled)
[    0.393658] pci 0000:00:18.2:   bridge window [mem 0xfc900000-0xfc9fffff]
[    0.393693] pci 0000:00:18.2:   bridge window [mem 0xe6f00000-0xe6ffffff 64bit pref]
[    0.394075] pci 0000:00:18.3: PCI bridge to [bus 1e-1e]
[    0.394096] pci 0000:00:18.3:   bridge window [io  0xf000-0x0000] (disabled)
[    0.394114] pci 0000:00:18.3:   bridge window [mem 0xfc500000-0xfc5fffff]
[    0.394149] pci 0000:00:18.3:   bridge window [mem 0xe6b00000-0xe6bfffff 64bit pref]
[    0.394547] pci 0000:00:18.4: PCI bridge to [bus 1f-1f]
[    0.394565] pci 0000:00:18.4:   bridge window [io  0xf000-0x0000] (disabled)
[    0.394583] pci 0000:00:18.4:   bridge window [mem 0xfc100000-0xfc1fffff]
[    0.394617] pci 0000:00:18.4:   bridge window [mem 0xe6700000-0xe67fffff 64bit pref]
[    0.394988] pci 0000:00:18.5: PCI bridge to [bus 20-20]
[    0.395006] pci 0000:00:18.5:   bridge window [io  0xf000-0x0000] (disabled)
[    0.395024] pci 0000:00:18.5:   bridge window [mem 0xfbd00000-0xfbdfffff]
[    0.395059] pci 0000:00:18.5:   bridge window [mem 0xe6300000-0xe63fffff 64bit pref]
[    0.395425] pci 0000:00:18.6: PCI bridge to [bus 21-21]
[    0.395442] pci 0000:00:18.6:   bridge window [io  0xf000-0x0000] (disabled)
[    0.395461] pci 0000:00:18.6:   bridge window [mem 0xfb900000-0xfb9fffff]
[    0.395495] pci 0000:00:18.6:   bridge window [mem 0xe5f00000-0xe5ffffff 64bit pref]
[    0.395869] pci 0000:00:18.7: PCI bridge to [bus 22-22]
[    0.395888] pci 0000:00:18.7:   bridge window [io  0xf000-0x0000] (disabled)
[    0.395907] pci 0000:00:18.7:   bridge window [mem 0xfb500000-0xfb5fffff]
[    0.395941] pci 0000:00:18.7:   bridge window [mem 0xe5b00000-0xe5bfffff 64bit pref]
[    0.397533] pci_bus 0000:00: on NUMA node 0
[    0.397541] ACPI: PCI Interrupt Routing Table [\_SB_.PCI0._PRT]
[    0.469560] ACPI: PCI Interrupt Link [LNKA] (IRQs 3 4 5 6 7 *9 10 11 14 15)
[    0.469634] ACPI: PCI Interrupt Link [LNKB] (IRQs 3 4 5 6 7 9 10 *11 14 15)
[    0.469692] ACPI: PCI Interrupt Link [LNKC] (IRQs 3 4 5 6 7 9 *10 11 14 15)
[    0.469762] ACPI: PCI Interrupt Link [LNKD] (IRQs 3 4 *5 6 7 9 10 11 14 15)
[    0.469861] vgaarb: device added: PCI:0000:00:0f.0,decodes=io+mem,owns=io+mem,locks=none
[    0.469872] vgaarb: loaded
[    0.469962] SCSI subsystem initialized
[    0.470097] libata version 3.00 loaded.
[    0.470201] usbcore: registered new interface driver usbfs
[    0.470214] usbcore: registered new interface driver hub
[    0.470322] usbcore: registered new device driver usb
[    0.470534] PCI: Using ACPI for IRQ routing
[    0.470536] PCI: pci_cache_line_size set to 64 bytes
[    0.471356] reserve RAM buffer: 000000000009f000 - 000000000009ffff 
[    0.471358] reserve RAM buffer: 00000000bfee0000 - 00000000bfffffff 
[    0.471478] Switching to clocksource tsc
[    0.471567] pnp: PnP ACPI init
[    0.471573] ACPI: bus type pnp registered
[    0.483344] pnp: PnP ACPI: found 16 devices
[    0.483345] ACPI: ACPI bus type pnp unregistered
[    0.483348] PnPBIOS: Disabled by ACPI PNP
[    0.483357] system 00:01: [io  0x1000-0x103f] has been reserved
[    0.483359] system 00:01: [io  0x1040-0x104f] has been reserved
[    0.483360] system 00:01: [io  0x0cf0-0x0cf1] has been reserved
[    0.483365] system 00:08: [mem 0xfed00000-0xfed003ff] has been reserved
[    0.483369] system 00:0d: [io  0xfce0-0xfcff] has been reserved
[    0.483371] system 00:0d: [mem 0xf0000000-0xf7ffffff] has been reserved
[    0.483373] system 00:0d: [mem 0xfe800000-0xfe9fffff] has been reserved
[    0.518923] pci 0000:00:0f.0: BAR 6: assigned [mem 0xc0000000-0xc0007fff pref]
[    0.518927] pci 0000:00:10.0: BAR 6: assigned [mem 0xc0008000-0xc000bfff pref]
[    0.518931] pci 0000:00:15.3: BAR 13: can't assign io (size 0x1000)
[    0.518933] pci 0000:00:15.4: BAR 13: can't assign io (size 0x1000)
[    0.518936] pci 0000:00:15.5: BAR 13: can't assign io (size 0x1000)
[    0.518938] pci 0000:00:15.6: BAR 13: can't assign io (size 0x1000)
[    0.518940] pci 0000:00:15.7: BAR 13: can't assign io (size 0x1000)
[    0.518943] pci 0000:00:16.3: BAR 13: can't assign io (size 0x1000)
[    0.518945] pci 0000:00:16.4: BAR 13: can't assign io (size 0x1000)
[    0.518947] pci 0000:00:16.5: BAR 13: can't assign io (size 0x1000)
[    0.518950] pci 0000:00:16.6: BAR 13: can't assign io (size 0x1000)
[    0.518952] pci 0000:00:16.7: BAR 13: can't assign io (size 0x1000)
[    0.518954] pci 0000:00:17.3: BAR 13: can't assign io (size 0x1000)
[    0.518956] pci 0000:00:17.4: BAR 13: can't assign io (size 0x1000)
[    0.518959] pci 0000:00:17.5: BAR 13: can't assign io (size 0x1000)
[    0.518961] pci 0000:00:17.6: BAR 13: can't assign io (size 0x1000)
[    0.518963] pci 0000:00:17.7: BAR 13: can't assign io (size 0x1000)
[    0.518966] pci 0000:00:18.2: BAR 13: can't assign io (size 0x1000)
[    0.518968] pci 0000:00:18.3: BAR 13: can't assign io (size 0x1000)
[    0.518970] pci 0000:00:18.4: BAR 13: can't assign io (size 0x1000)
[    0.518972] pci 0000:00:18.5: BAR 13: can't assign io (size 0x1000)
[    0.518975] pci 0000:00:18.6: BAR 13: can't assign io (size 0x1000)
[    0.518977] pci 0000:00:18.7: BAR 13: can't assign io (size 0x1000)
[    0.518979] pci 0000:00:01.0: PCI bridge to [bus 01-01]
[    0.518981] pci 0000:00:01.0:   bridge window [io  disabled]
[    0.519008] pci 0000:00:01.0:   bridge window [mem disabled]
[    0.519025] pci 0000:00:01.0:   bridge window [mem pref disabled]
[    0.519060] pci 0000:02:01.0: BAR 6: assigned [mem 0xe7b00000-0xe7b0ffff pref]
[    0.519063] pci 0000:00:11.0: PCI bridge to [bus 02-02]
[    0.519073] pci 0000:00:11.0:   bridge window [io  0x2000-0x3fff]
[    0.519099] pci 0000:00:11.0:   bridge window [mem 0xfd500000-0xfdffffff]
[    0.519117] pci 0000:00:11.0:   bridge window [mem 0xe7b00000-0xe7ffffff 64bit pref]
[    0.519151] pci 0000:00:15.0: PCI bridge to [bus 03-03]
[    0.519162] pci 0000:00:15.0:   bridge window [io  0x4000-0x4fff]
[    0.519187] pci 0000:00:15.0:   bridge window [mem 0xfd400000-0xfd4fffff]
[    0.519205] pci 0000:00:15.0:   bridge window [mem 0xe7a00000-0xe7afffff 64bit pref]
[    0.519270] pci 0000:00:15.1: PCI bridge to [bus 04-04]
[    0.519281] pci 0000:00:15.1:   bridge window [io  0x8000-0x8fff]
[    0.519307] pci 0000:00:15.1:   bridge window [mem 0xfd000000-0xfd0fffff]
[    0.519325] pci 0000:00:15.1:   bridge window [mem 0xe7600000-0xe76fffff 64bit pref]
[    0.519366] pci 0000:00:15.2: PCI bridge to [bus 05-05]
[    0.519376] pci 0000:00:15.2:   bridge window [io  0xc000-0xcfff]
[    0.519402] pci 0000:00:15.2:   bridge window [mem 0xfcc00000-0xfccfffff]
[    0.519421] pci 0000:00:15.2:   bridge window [mem 0xe7200000-0xe72fffff 64bit pref]
[    0.519461] pci 0000:00:15.3: PCI bridge to [bus 06-06]
[    0.519463] pci 0000:00:15.3:   bridge window [io  disabled]
[    0.519489] pci 0000:00:15.3:   bridge window [mem 0xfc800000-0xfc8fffff]
[    0.519507] pci 0000:00:15.3:   bridge window [mem 0xe6e00000-0xe6efffff 64bit pref]
[    0.519547] pci 0000:00:15.4: PCI bridge to [bus 07-07]
[    0.519548] pci 0000:00:15.4:   bridge window [io  disabled]
[    0.519574] pci 0000:00:15.4:   bridge window [mem 0xfc400000-0xfc4fffff]
[    0.519592] pci 0000:00:15.4:   bridge window [mem 0xe6a00000-0xe6afffff 64bit pref]
[    0.519632] pci 0000:00:15.5: PCI bridge to [bus 08-08]
[    0.519634] pci 0000:00:15.5:   bridge window [io  disabled]
[    0.519660] pci 0000:00:15.5:   bridge window [mem 0xfc000000-0xfc0fffff]
[    0.519678] pci 0000:00:15.5:   bridge window [mem 0xe6600000-0xe66fffff 64bit pref]
[    0.519725] pci 0000:00:15.6: PCI bridge to [bus 09-09]
[    0.519727] pci 0000:00:15.6:   bridge window [io  disabled]
[    0.519751] pci 0000:00:15.6:   bridge window [mem 0xfbc00000-0xfbcfffff]
[    0.519768] pci 0000:00:15.6:   bridge window [mem 0xe6200000-0xe62fffff 64bit pref]
[    0.519806] pci 0000:00:15.7: PCI bridge to [bus 0a-0a]
[    0.519808] pci 0000:00:15.7:   bridge window [io  disabled]
[    0.519832] pci 0000:00:15.7:   bridge window [mem 0xfb800000-0xfb8fffff]
[    0.519849] pci 0000:00:15.7:   bridge window [mem 0xe5e00000-0xe5efffff 64bit pref]
[    0.519886] pci 0000:00:16.0: PCI bridge to [bus 0b-0b]
[    0.519897] pci 0000:00:16.0:   bridge window [io  0x5000-0x5fff]
[    0.519921] pci 0000:00:16.0:   bridge window [mem 0xfd300000-0xfd3fffff]
[    0.519938] pci 0000:00:16.0:   bridge window [mem 0xe7900000-0xe79fffff 64bit pref]
[    0.519976] pci 0000:00:16.1: PCI bridge to [bus 0c-0c]
[    0.519986] pci 0000:00:16.1:   bridge window [io  0x9000-0x9fff]
[    0.520011] pci 0000:00:16.1:   bridge window [mem 0xfcf00000-0xfcffffff]
[    0.520028] pci 0000:00:16.1:   bridge window [mem 0xe7500000-0xe75fffff 64bit pref]
[    0.520065] pci 0000:00:16.2: PCI bridge to [bus 0d-0d]
[    0.520075] pci 0000:00:16.2:   bridge window [io  0xd000-0xdfff]
[    0.520099] pci 0000:00:16.2:   bridge window [mem 0xfcb00000-0xfcbfffff]
[    0.520116] pci 0000:00:16.2:   bridge window [mem 0xe7100000-0xe71fffff 64bit pref]
[    0.520154] pci 0000:00:16.3: PCI bridge to [bus 0e-0e]
[    0.520155] pci 0000:00:16.3:   bridge window [io  disabled]
[    0.520184] pci 0000:00:16.3:   bridge window [mem 0xfc700000-0xfc7fffff]
[    0.520201] pci 0000:00:16.3:   bridge window [mem 0xe6d00000-0xe6dfffff 64bit pref]
[    0.520240] pci 0000:00:16.4: PCI bridge to [bus 0f-0f]
[    0.520241] pci 0000:00:16.4:   bridge window [io  disabled]
[    0.520266] pci 0000:00:16.4:   bridge window [mem 0xfc300000-0xfc3fffff]
[    0.520283] pci 0000:00:16.4:   bridge window [mem 0xe6900000-0xe69fffff 64bit pref]
[    0.520331] pci 0000:00:16.5: PCI bridge to [bus 10-10]
[    0.520333] pci 0000:00:16.5:   bridge window [io  disabled]
[    0.520368] pci 0000:00:16.5:   bridge window [mem 0xfbf00000-0xfbffffff]
[    0.520395] pci 0000:00:16.5:   bridge window [mem 0xe6500000-0xe65fffff 64bit pref]
[    0.520450] pci 0000:00:16.6: PCI bridge to [bus 11-11]
[    0.520452] pci 0000:00:16.6:   bridge window [io  disabled]
[    0.520486] pci 0000:00:16.6:   bridge window [mem 0xfbb00000-0xfbbfffff]
[    0.520509] pci 0000:00:16.6:   bridge window [mem 0xe6100000-0xe61fffff 64bit pref]
[    0.520552] pci 0000:00:16.7: PCI bridge to [bus 12-12]
[    0.520554] pci 0000:00:16.7:   bridge window [io  disabled]
[    0.520579] pci 0000:00:16.7:   bridge window [mem 0xfb700000-0xfb7fffff]
[    0.520596] pci 0000:00:16.7:   bridge window [mem 0xe5d00000-0xe5dfffff 64bit pref]
[    0.520633] pci 0000:00:17.0: PCI bridge to [bus 13-13]
[    0.520644] pci 0000:00:17.0:   bridge window [io  0x6000-0x6fff]
[    0.520668] pci 0000:00:17.0:   bridge window [mem 0xfd200000-0xfd2fffff]
[    0.520685] pci 0000:00:17.0:   bridge window [mem 0xe7800000-0xe78fffff 64bit pref]
[    0.520736] pci 0000:00:17.1: PCI bridge to [bus 14-14]
[    0.520748] pci 0000:00:17.1:   bridge window [io  0xa000-0xafff]
[    0.520783] pci 0000:00:17.1:   bridge window [mem 0xfce00000-0xfcefffff]
[    0.520802] pci 0000:00:17.1:   bridge window [mem 0xe7400000-0xe74fffff 64bit pref]
[    0.520851] pci 0000:00:17.2: PCI bridge to [bus 15-15]
[    0.520872] pci 0000:00:17.2:   bridge window [io  0xe000-0xefff]
[    0.520900] pci 0000:00:17.2:   bridge window [mem 0xfca00000-0xfcafffff]
[    0.520933] pci 0000:00:17.2:   bridge window [mem 0xe7000000-0xe70fffff 64bit pref]
[    0.520982] pci 0000:00:17.3: PCI bridge to [bus 16-16]
[    0.520983] pci 0000:00:17.3:   bridge window [io  disabled]
[    0.521007] pci 0000:00:17.3:   bridge window [mem 0xfc600000-0xfc6fffff]
[    0.521025] pci 0000:00:17.3:   bridge window [mem 0xe6c00000-0xe6cfffff 64bit pref]
[    0.521062] pci 0000:00:17.4: PCI bridge to [bus 17-17]
[    0.521063] pci 0000:00:17.4:   bridge window [io  disabled]
[    0.521087] pci 0000:00:17.4:   bridge window [mem 0xfc200000-0xfc2fffff]
[    0.521103] pci 0000:00:17.4:   bridge window [mem 0xe6800000-0xe68fffff 64bit pref]
[    0.521140] pci 0000:00:17.5: PCI bridge to [bus 18-18]
[    0.521141] pci 0000:00:17.5:   bridge window [io  disabled]
[    0.521165] pci 0000:00:17.5:   bridge window [mem 0xfbe00000-0xfbefffff]
[    0.521181] pci 0000:00:17.5:   bridge window [mem 0xe6400000-0xe64fffff 64bit pref]
[    0.521218] pci 0000:00:17.6: PCI bridge to [bus 19-19]
[    0.521219] pci 0000:00:17.6:   bridge window [io  disabled]
[    0.521243] pci 0000:00:17.6:   bridge window [mem 0xfba00000-0xfbafffff]
[    0.521259] pci 0000:00:17.6:   bridge window [mem 0xe6000000-0xe60fffff 64bit pref]
[    0.521296] pci 0000:00:17.7: PCI bridge to [bus 1a-1a]
[    0.521297] pci 0000:00:17.7:   bridge window [io  disabled]
[    0.521321] pci 0000:00:17.7:   bridge window [mem 0xfb600000-0xfb6fffff]
[    0.521337] pci 0000:00:17.7:   bridge window [mem 0xe5c00000-0xe5cfffff 64bit pref]
[    0.521374] pci 0000:00:18.0: PCI bridge to [bus 1b-1b]
[    0.521384] pci 0000:00:18.0:   bridge window [io  0x7000-0x7fff]
[    0.521407] pci 0000:00:18.0:   bridge window [mem 0xfd100000-0xfd1fffff]
[    0.521424] pci 0000:00:18.0:   bridge window [mem 0xe7700000-0xe77fffff 64bit pref]
[    0.521432] pci 0000:00:18.1: PCI bridge to [bus 1c-1c]
[    0.521442] pci 0000:00:18.1:   bridge window [io  0xb000-0xbfff]
[    0.521466] pci 0000:00:18.1:   bridge window [mem 0xfcd00000-0xfcdfffff]
[    0.521484] pci 0000:00:18.1:   bridge window [mem 0xe7300000-0xe73fffff 64bit pref]
[    0.521516] pci 0000:00:18.2: PCI bridge to [bus 1d-1d]
[    0.521516] pci 0000:00:18.2:   bridge window [io  disabled]
[    0.521516] pci 0000:00:18.2:   bridge window [mem 0xfc900000-0xfc9fffff]
[    0.521536] pci 0000:00:18.2:   bridge window [mem 0xe6f00000-0xe6ffffff 64bit pref]
[    0.521575] pci 0000:00:18.3: PCI bridge to [bus 1e-1e]
[    0.521577] pci 0000:00:18.3:   bridge window [io  disabled]
[    0.521601] pci 0000:00:18.3:   bridge window [mem 0xfc500000-0xfc5fffff]
[    0.521618] pci 0000:00:18.3:   bridge window [mem 0xe6b00000-0xe6bfffff 64bit pref]
[    0.521666] pci 0000:00:18.4: PCI bridge to [bus 1f-1f]
[    0.521668] pci 0000:00:18.4:   bridge window [io  disabled]
[    0.521693] pci 0000:00:18.4:   bridge window [mem 0xfc100000-0xfc1fffff]
[    0.521710] pci 0000:00:18.4:   bridge window [mem 0xe6700000-0xe67fffff 64bit pref]
[    0.521748] pci 0000:00:18.5: PCI bridge to [bus 20-20]
[    0.521749] pci 0000:00:18.5:   bridge window [io  disabled]
[    0.521774] pci 0000:00:18.5:   bridge window [mem 0xfbd00000-0xfbdfffff]
[    0.521791] pci 0000:00:18.5:   bridge window [mem 0xe6300000-0xe63fffff 64bit pref]
[    0.521829] pci 0000:00:18.6: PCI bridge to [bus 21-21]
[    0.521831] pci 0000:00:18.6:   bridge window [io  disabled]
[    0.521855] pci 0000:00:18.6:   bridge window [mem 0xfb900000-0xfb9fffff]
[    0.521872] pci 0000:00:18.6:   bridge window [mem 0xe5f00000-0xe5ffffff 64bit pref]
[    0.521910] pci 0000:00:18.7: PCI bridge to [bus 22-22]
[    0.521911] pci 0000:00:18.7:   bridge window [io  disabled]
[    0.521936] pci 0000:00:18.7:   bridge window [mem 0xfb500000-0xfb5fffff]
[    0.521953] pci 0000:00:18.7:   bridge window [mem 0xe5b00000-0xe5bfffff 64bit pref]
[    0.522019] pci 0000:00:01.0: setting latency timer to 64
[    0.522100] pci 0000:00:15.0: setting latency timer to 64
[    0.522156] pci 0000:00:15.1: setting latency timer to 64
[    0.522212] pci 0000:00:15.2: setting latency timer to 64
[    0.522268] pci 0000:00:15.3: setting latency timer to 64
[    0.522323] pci 0000:00:15.4: setting latency timer to 64
[    0.522379] pci 0000:00:15.5: setting latency timer to 64
[    0.522434] pci 0000:00:15.6: setting latency timer to 64
[    0.522490] pci 0000:00:15.7: setting latency timer to 64
[    0.522545] pci 0000:00:16.0: setting latency timer to 64
[    0.522611] pci 0000:00:16.1: setting latency timer to 64
[    0.522670] pci 0000:00:16.2: setting latency timer to 64
[    0.522729] pci 0000:00:16.3: setting latency timer to 64
[    0.522788] pci 0000:00:16.4: setting latency timer to 64
[    0.522847] pci 0000:00:16.5: setting latency timer to 64
[    0.522906] pci 0000:00:16.6: setting latency timer to 64
[    0.522965] pci 0000:00:16.7: setting latency timer to 64
[    0.523024] pci 0000:00:17.0: setting latency timer to 64
[    0.523083] pci 0000:00:17.1: setting latency timer to 64
[    0.523142] pci 0000:00:17.2: setting latency timer to 64
[    0.523200] pci 0000:00:17.3: setting latency timer to 64
[    0.523260] pci 0000:00:17.4: setting latency timer to 64
[    0.523318] pci 0000:00:17.5: setting latency timer to 64
[    0.523377] pci 0000:00:17.6: setting latency timer to 64
[    0.523436] pci 0000:00:17.7: setting latency timer to 64
[    0.523495] pci 0000:00:18.0: setting latency timer to 64
[    0.523554] pci 0000:00:18.1: setting latency timer to 64
[    0.523620] pci 0000:00:18.2: setting latency timer to 64
[    0.523675] pci 0000:00:18.3: setting latency timer to 64
[    0.523731] pci 0000:00:18.4: setting latency timer to 64
[    0.523786] pci 0000:00:18.5: setting latency timer to 64
[    0.523842] pci 0000:00:18.6: setting latency timer to 64
[    0.523897] pci 0000:00:18.7: setting latency timer to 64
[    0.523908] pci_bus 0000:00: resource 4 [mem 0x000a0000-0x000bffff]
[    0.523909] pci_bus 0000:00: resource 5 [mem 0x000cc000-0x000cffff]
[    0.523911] pci_bus 0000:00: resource 6 [mem 0x000d0000-0x000d3fff]
[    0.523913] pci_bus 0000:00: resource 7 [mem 0x000d4000-0x000d7fff]
[    0.523915] pci_bus 0000:00: resource 8 [mem 0x000d8000-0x000dbfff]
[    0.523916] pci_bus 0000:00: resource 9 [mem 0xc0000000-0xfebfffff]
[    0.523918] pci_bus 0000:00: resource 10 [io  0x0000-0x0cf7]
[    0.523920] pci_bus 0000:00: resource 11 [io  0x0d00-0xfeff]
[    0.523922] pci_bus 0000:02: resource 0 [io  0x2000-0x3fff]
[    0.523924] pci_bus 0000:02: resource 1 [mem 0xfd500000-0xfdffffff]
[    0.523926] pci_bus 0000:02: resource 2 [mem 0xe7b00000-0xe7ffffff 64bit pref]
[    0.523927] pci_bus 0000:02: resource 4 [mem 0x000a0000-0x000bffff]
[    0.523929] pci_bus 0000:02: resource 5 [mem 0x000cc000-0x000cffff]
[    0.523931] pci_bus 0000:02: resource 6 [mem 0x000d0000-0x000d3fff]
[    0.523933] pci_bus 0000:02: resource 7 [mem 0x000d4000-0x000d7fff]
[    0.523934] pci_bus 0000:02: resource 8 [mem 0x000d8000-0x000dbfff]
[    0.523936] pci_bus 0000:02: resource 9 [mem 0xc0000000-0xfebfffff]
[    0.523938] pci_bus 0000:02: resource 10 [io  0x0000-0x0cf7]
[    0.523939] pci_bus 0000:02: resource 11 [io  0x0d00-0xfeff]
[    0.523941] pci_bus 0000:03: resource 0 [io  0x4000-0x4fff]
[    0.523943] pci_bus 0000:03: resource 1 [mem 0xfd400000-0xfd4fffff]
[    0.523945] pci_bus 0000:03: resource 2 [mem 0xe7a00000-0xe7afffff 64bit pref]
[    0.523947] pci_bus 0000:04: resource 0 [io  0x8000-0x8fff]
[    0.523948] pci_bus 0000:04: resource 1 [mem 0xfd000000-0xfd0fffff]
[    0.523950] pci_bus 0000:04: resource 2 [mem 0xe7600000-0xe76fffff 64bit pref]
[    0.523952] pci_bus 0000:05: resource 0 [io  0xc000-0xcfff]
[    0.523954] pci_bus 0000:05: resource 1 [mem 0xfcc00000-0xfccfffff]
[    0.523955] pci_bus 0000:05: resource 2 [mem 0xe7200000-0xe72fffff 64bit pref]
[    0.523957] pci_bus 0000:06: resource 1 [mem 0xfc800000-0xfc8fffff]
[    0.523959] pci_bus 0000:06: resource 2 [mem 0xe6e00000-0xe6efffff 64bit pref]
[    0.523961] pci_bus 0000:07: resource 1 [mem 0xfc400000-0xfc4fffff]
[    0.523963] pci_bus 0000:07: resource 2 [mem 0xe6a00000-0xe6afffff 64bit pref]
[    0.523964] pci_bus 0000:08: resource 1 [mem 0xfc000000-0xfc0fffff]
[    0.523966] pci_bus 0000:08: resource 2 [mem 0xe6600000-0xe66fffff 64bit pref]
[    0.523968] pci_bus 0000:09: resource 1 [mem 0xfbc00000-0xfbcfffff]
[    0.523970] pci_bus 0000:09: resource 2 [mem 0xe6200000-0xe62fffff 64bit pref]
[    0.523972] pci_bus 0000:0a: resource 1 [mem 0xfb800000-0xfb8fffff]
[    0.523973] pci_bus 0000:0a: resource 2 [mem 0xe5e00000-0xe5efffff 64bit pref]
[    0.523975] pci_bus 0000:0b: resource 0 [io  0x5000-0x5fff]
[    0.523977] pci_bus 0000:0b: resource 1 [mem 0xfd300000-0xfd3fffff]
[    0.523979] pci_bus 0000:0b: resource 2 [mem 0xe7900000-0xe79fffff 64bit pref]
[    0.523981] pci_bus 0000:0c: resource 0 [io  0x9000-0x9fff]
[    0.523982] pci_bus 0000:0c: resource 1 [mem 0xfcf00000-0xfcffffff]
[    0.523984] pci_bus 0000:0c: resource 2 [mem 0xe7500000-0xe75fffff 64bit pref]
[    0.523986] pci_bus 0000:0d: resource 0 [io  0xd000-0xdfff]
[    0.523987] pci_bus 0000:0d: resource 1 [mem 0xfcb00000-0xfcbfffff]
[    0.523989] pci_bus 0000:0d: resource 2 [mem 0xe7100000-0xe71fffff 64bit pref]
[    0.523991] pci_bus 0000:0e: resource 1 [mem 0xfc700000-0xfc7fffff]
[    0.523993] pci_bus 0000:0e: resource 2 [mem 0xe6d00000-0xe6dfffff 64bit pref]
[    0.523995] pci_bus 0000:0f: resource 1 [mem 0xfc300000-0xfc3fffff]
[    0.523996] pci_bus 0000:0f: resource 2 [mem 0xe6900000-0xe69fffff 64bit pref]
[    0.523998] pci_bus 0000:10: resource 1 [mem 0xfbf00000-0xfbffffff]
[    0.524000] pci_bus 0000:10: resource 2 [mem 0xe6500000-0xe65fffff 64bit pref]
[    0.524002] pci_bus 0000:11: resource 1 [mem 0xfbb00000-0xfbbfffff]
[    0.524004] pci_bus 0000:11: resource 2 [mem 0xe6100000-0xe61fffff 64bit pref]
[    0.524006] pci_bus 0000:12: resource 1 [mem 0xfb700000-0xfb7fffff]
[    0.524007] pci_bus 0000:12: resource 2 [mem 0xe5d00000-0xe5dfffff 64bit pref]
[    0.524009] pci_bus 0000:13: resource 0 [io  0x6000-0x6fff]
[    0.524011] pci_bus 0000:13: resource 1 [mem 0xfd200000-0xfd2fffff]
[    0.524013] pci_bus 0000:13: resource 2 [mem 0xe7800000-0xe78fffff 64bit pref]
[    0.524014] pci_bus 0000:14: resource 0 [io  0xa000-0xafff]
[    0.524016] pci_bus 0000:14: resource 1 [mem 0xfce00000-0xfcefffff]
[    0.524018] pci_bus 0000:14: resource 2 [mem 0xe7400000-0xe74fffff 64bit pref]
[    0.524020] pci_bus 0000:15: resource 0 [io  0xe000-0xefff]
[    0.524021] pci_bus 0000:15: resource 1 [mem 0xfca00000-0xfcafffff]
[    0.524023] pci_bus 0000:15: resource 2 [mem 0xe7000000-0xe70fffff 64bit pref]
[    0.524025] pci_bus 0000:16: resource 1 [mem 0xfc600000-0xfc6fffff]
[    0.524027] pci_bus 0000:16: resource 2 [mem 0xe6c00000-0xe6cfffff 64bit pref]
[    0.524028] pci_bus 0000:17: resource 1 [mem 0xfc200000-0xfc2fffff]
[    0.524030] pci_bus 0000:17: resource 2 [mem 0xe6800000-0xe68fffff 64bit pref]
[    0.524032] pci_bus 0000:18: resource 1 [mem 0xfbe00000-0xfbefffff]
[    0.524034] pci_bus 0000:18: resource 2 [mem 0xe6400000-0xe64fffff 64bit pref]
[    0.524036] pci_bus 0000:19: resource 1 [mem 0xfba00000-0xfbafffff]
[    0.524037] pci_bus 0000:19: resource 2 [mem 0xe6000000-0xe60fffff 64bit pref]
[    0.524039] pci_bus 0000:1a: resource 1 [mem 0xfb600000-0xfb6fffff]
[    0.524041] pci_bus 0000:1a: resource 2 [mem 0xe5c00000-0xe5cfffff 64bit pref]
[    0.524043] pci_bus 0000:1b: resource 0 [io  0x7000-0x7fff]
[    0.524044] pci_bus 0000:1b: resource 1 [mem 0xfd100000-0xfd1fffff]
[    0.524046] pci_bus 0000:1b: resource 2 [mem 0xe7700000-0xe77fffff 64bit pref]
[    0.524058] pci_bus 0000:1c: resource 0 [io  0xb000-0xbfff]
[    0.524061] pci_bus 0000:1c: resource 1 [mem 0xfcd00000-0xfcdfffff]
[    0.524062] pci_bus 0000:1c: resource 2 [mem 0xe7300000-0xe73fffff 64bit pref]
[    0.524064] pci_bus 0000:1d: resource 1 [mem 0xfc900000-0xfc9fffff]
[    0.524066] pci_bus 0000:1d: resource 2 [mem 0xe6f00000-0xe6ffffff 64bit pref]
[    0.524068] pci_bus 0000:1e: resource 1 [mem 0xfc500000-0xfc5fffff]
[    0.524070] pci_bus 0000:1e: resource 2 [mem 0xe6b00000-0xe6bfffff 64bit pref]
[    0.524071] pci_bus 0000:1f: resource 1 [mem 0xfc100000-0xfc1fffff]
[    0.524073] pci_bus 0000:1f: resource 2 [mem 0xe6700000-0xe67fffff 64bit pref]
[    0.524075] pci_bus 0000:20: resource 1 [mem 0xfbd00000-0xfbdfffff]
[    0.524077] pci_bus 0000:20: resource 2 [mem 0xe6300000-0xe63fffff 64bit pref]
[    0.524079] pci_bus 0000:21: resource 1 [mem 0xfb900000-0xfb9fffff]
[    0.524080] pci_bus 0000:21: resource 2 [mem 0xe5f00000-0xe5ffffff 64bit pref]
[    0.524082] pci_bus 0000:22: resource 1 [mem 0xfb500000-0xfb5fffff]
[    0.524084] pci_bus 0000:22: resource 2 [mem 0xe5b00000-0xe5bfffff 64bit pref]
[    0.524110] NET: Registered protocol family 2
[    0.524146] IP route cache hash table entries: 32768 (order: 5, 131072 bytes)
[    0.524261] TCP established hash table entries: 131072 (order: 8, 1048576 bytes)
[    0.524406] TCP bind hash table entries: 65536 (order: 7, 524288 bytes)
[    0.524485] TCP: Hash tables configured (established 131072 bind 65536)
[    0.524487] TCP reno registered
[    0.524489] UDP hash table entries: 512 (order: 2, 16384 bytes)
[    0.524493] UDP-Lite hash table entries: 512 (order: 2, 16384 bytes)
[    0.524552] NET: Registered protocol family 1
[    0.524558] pci 0000:00:00.0: Limiting direct PCI/PCI transfers
[    0.524627] pci 0000:00:0f.0: Boot video device
[    0.524983] PCI: CLS 32 bytes, default 64
[    0.525020] Trying to unpack rootfs image as initramfs...
[    0.621871] Freeing initrd memory: 7136k freed
[    0.622047] Simple Boot Flag at 0x36 set to 0x1
[    0.622224] audit: initializing netlink socket (disabled)
[    0.622246] type=2000 audit(1410114733.500:1): initialized
[    0.622443] HugeTLB registered 4 MB page size, pre-allocated 0 pages
[    0.623038] fuse init (API version 7.15)
[    0.623102] msgmni has been set to 1748
[    0.624753] Block layer SCSI generic (bsg) driver version 0.4 loaded (major 253)
[    0.624756] io scheduler noop registered
[    0.624757] io scheduler deadline registered
[    0.624765] io scheduler cfq registered (default)
[    0.624942] pcieport 0000:00:15.0: ACPI _OSC control granted for 0x15
[    0.625041] pcieport 0000:00:15.0: setting latency timer to 64
[    0.625056] pcieport 0000:00:15.1: ACPI _OSC control granted for 0x15
[    0.625113] pcieport 0000:00:15.1: setting latency timer to 64
[    0.625126] pcieport 0000:00:15.2: ACPI _OSC control granted for 0x15
[    0.625182] pcieport 0000:00:15.2: setting latency timer to 64
[    0.625195] pcieport 0000:00:15.3: ACPI _OSC control granted for 0x15
[    0.625264] pcieport 0000:00:15.3: setting latency timer to 64
[    0.625278] pcieport 0000:00:15.4: ACPI _OSC control granted for 0x15
[    0.625338] pcieport 0000:00:15.4: setting latency timer to 64
[    0.625351] pcieport 0000:00:15.5: ACPI _OSC control granted for 0x15
[    0.625422] pcieport 0000:00:15.5: setting latency timer to 64
[    0.625435] pcieport 0000:00:15.6: ACPI _OSC control granted for 0x15
[    0.625494] pcieport 0000:00:15.6: setting latency timer to 64
[    0.625508] pcieport 0000:00:15.7: ACPI _OSC control granted for 0x15
[    0.625566] pcieport 0000:00:15.7: setting latency timer to 64
[    0.625579] pcieport 0000:00:16.0: ACPI _OSC control granted for 0x15
[    0.625635] pcieport 0000:00:16.0: setting latency timer to 64
[    0.625649] pcieport 0000:00:16.1: ACPI _OSC control granted for 0x15
[    0.625705] pcieport 0000:00:16.1: setting latency timer to 64
[    0.625718] pcieport 0000:00:16.2: ACPI _OSC control granted for 0x15
[    0.625797] pcieport 0000:00:16.2: setting latency timer to 64
[    0.625810] pcieport 0000:00:16.3: ACPI _OSC control granted for 0x15
[    0.625879] pcieport 0000:00:16.3: setting latency timer to 64
[    0.625894] pcieport 0000:00:16.4: ACPI _OSC control granted for 0x15
[    0.625961] pcieport 0000:00:16.4: setting latency timer to 64
[    0.625974] pcieport 0000:00:16.5: ACPI _OSC control granted for 0x15
[    0.626030] pcieport 0000:00:16.5: setting latency timer to 64
[    0.626043] pcieport 0000:00:16.6: ACPI _OSC control granted for 0x15
[    0.626099] pcieport 0000:00:16.6: setting latency timer to 64
[    0.626112] pcieport 0000:00:16.7: ACPI _OSC control granted for 0x15
[    0.626168] pcieport 0000:00:16.7: setting latency timer to 64
[    0.626180] pcieport 0000:00:17.0: ACPI _OSC control granted for 0x15
[    0.626236] pcieport 0000:00:17.0: setting latency timer to 64
[    0.626249] pcieport 0000:00:17.1: ACPI _OSC control granted for 0x15
[    0.626319] pcieport 0000:00:17.1: setting latency timer to 64
[    0.626333] pcieport 0000:00:17.2: ACPI _OSC control granted for 0x15
[    0.626510] pcieport 0000:00:17.2: setting latency timer to 64
[    0.626599] pcieport 0000:00:17.3: ACPI _OSC control granted for 0x15
[    0.626776] pcieport 0000:00:17.3: setting latency timer to 64
[    0.626861] pcieport 0000:00:17.4: ACPI _OSC control granted for 0x15
[    0.627037] pcieport 0000:00:17.4: setting latency timer to 64
[    0.627121] pcieport 0000:00:17.5: ACPI _OSC control granted for 0x15
[    0.627298] pcieport 0000:00:17.5: setting latency timer to 64
[    0.627382] pcieport 0000:00:17.6: ACPI _OSC control granted for 0x15
[    0.627558] pcieport 0000:00:17.6: setting latency timer to 64
[    0.627643] pcieport 0000:00:17.7: ACPI _OSC control granted for 0x15
[    0.627819] pcieport 0000:00:17.7: setting latency timer to 64
[    0.627903] pcieport 0000:00:18.0: ACPI _OSC control granted for 0x15
[    0.628080] pcieport 0000:00:18.0: setting latency timer to 64
[    0.628164] pcieport 0000:00:18.1: ACPI _OSC control granted for 0x15
[    0.628341] pcieport 0000:00:18.1: setting latency timer to 64
[    0.628424] pcieport 0000:00:18.2: ACPI _OSC control granted for 0x15
[    0.628600] pcieport 0000:00:18.2: setting latency timer to 64
[    0.628685] pcieport 0000:00:18.3: ACPI _OSC control granted for 0x15
[    0.628861] pcieport 0000:00:18.3: setting latency timer to 64
[    0.628946] pcieport 0000:00:18.4: ACPI _OSC control granted for 0x15
[    0.629122] pcieport 0000:00:18.4: setting latency timer to 64
[    0.629206] pcieport 0000:00:18.5: ACPI _OSC control granted for 0x15
[    0.629383] pcieport 0000:00:18.5: setting latency timer to 64
[    0.629467] pcieport 0000:00:18.6: ACPI _OSC control granted for 0x15
[    0.629644] pcieport 0000:00:18.6: setting latency timer to 64
[    0.629708] pcieport 0000:00:18.7: ACPI _OSC control granted for 0x15
[    0.629768] pcieport 0000:00:18.7: setting latency timer to 64
[    0.629801] pci_hotplug: PCI Hot Plug PCI Core version: 0.5
[    0.629819] pciehp: PCI Express Hot Plug Controller Driver version: 0.4
[    0.630008] ACPI: AC Adapter [ACAD] (on-line)
[    0.630053] input: Power Button as /devices/LNXSYSTM:00/LNXPWRBN:00/input/input0
[    0.630057] ACPI: Power Button [PWRF]
[    0.630112] ACPI: acpi_idle registered with cpuidle
[    0.651716] isapnp: Scanning for PnP cards...
[    1.008686] isapnp: No Plug & Play device found
[    1.008769] Serial: 8250/16550 driver, 4 ports, IRQ sharing enabled
[    1.031848] serial8250: ttyS0 at I/O 0x3f8 (irq = 4) is a 16550A
[    1.052285] serial8250: ttyS1 at I/O 0x2f8 (irq = 3) is a 16550A
[    1.072606] 00:0a: ttyS0 at I/O 0x3f8 (irq = 4) is a 16550A
[    1.093063] 00:0b: ttyS1 at I/O 0x2f8 (irq = 3) is a 16550A
[    1.093239] brd: module loaded
[    1.093416] loop: module loaded
[    1.094085] ata_piix 0000:00:07.1: version 2.13
[    1.094718] scsi0 : ata_piix
[    1.095158] scsi1 : ata_piix
[    1.095272] ata1: PATA max UDMA/33 cmd 0x1f0 ctl 0x3f6 bmdma 0x1060 irq 14
[    1.095281] ata2: PATA max UDMA/33 cmd 0x170 ctl 0x376 bmdma 0x1068 irq 15
[    1.095467] Fixed MDIO Bus: probed
[    1.095560] PPP generic driver version 2.4.2
[    1.095663] tun: Universal TUN/TAP device driver, 1.6
[    1.095669] tun: (C) 1999-2004 Max Krasnyansky <maxk@qualcomm.com>
[    1.095743] console [netcon0] enabled
[    1.095749] netconsole: network logging started
[    1.095860] ehci_hcd: USB 2.0 'Enhanced' Host Controller (EHCI) Driver
[    1.096037] ehci_hcd 0000:02:03.0: PCI INT A -> GSI 17 (level, low) -> IRQ 17
[    1.096213] ehci_hcd 0000:02:03.0: EHCI Host Controller
[    1.096310] ehci_hcd 0000:02:03.0: new USB bus registered, assigned bus number 1
[    1.096487] ehci_hcd 0000:02:03.0: cache line size of 32 is not supported
[    1.096612] ehci_hcd 0000:02:03.0: irq 17, io mem 0xfd5ff000
[    1.111566] ehci_hcd 0000:02:03.0: USB 2.0 started, EHCI 1.00
[    1.111633] hub 1-0:1.0: USB hub found
[    1.111684] hub 1-0:1.0: 6 ports detected
[    1.111751] ohci_hcd: USB 1.1 'Open' Host Controller (OHCI) Driver
[    1.111817] uhci_hcd: USB Universal Host Controller Interface driver
[    1.111884] uhci_hcd 0000:02:00.0: PCI INT A -> GSI 18 (level, low) -> IRQ 18
[    1.111951] uhci_hcd 0000:02:00.0: UHCI Host Controller
[    1.112018] uhci_hcd 0000:02:00.0: new USB bus registered, assigned bus number 2
[    1.112166] uhci_hcd 0000:02:00.0: irq 18, io base 0x000020c0
[    1.112232] hub 2-0:1.0: USB hub found
[    1.112283] hub 2-0:1.0: 2 ports detected
[    1.112349] PNP: PS/2 Controller [PNP0303:KBC,PNP0f13:MOUS] at 0x60,0x64 irq 1,12
[    1.113002] serio: i8042 KBD port at 0x60,0x64 irq 1
[    1.113064] serio: i8042 AUX port at 0x60,0x64 irq 12
[    1.113082] mice: PS/2 mouse device common for all mice
[    1.113349] rtc_cmos 00:04: rtc core: registered rtc_cmos as rtc0
[    1.113579] rtc0: alarms up to one month, y3k, 114 bytes nvram, hpet irqs
[    1.113646] device-mapper: uevent: version 1.0.3
[    1.113886] device-mapper: ioctl: 4.18.0-ioctl (2010-06-29) initialised: dm-devel@redhat.com
[    1.114203] device-mapper: multipath: version 1.1.1 loaded
[    1.114214] device-mapper: multipath round-robin: version 1.0.0 loaded
[    1.114428] EISA: Probing bus 0 at eisa.0
[    1.114485] EISA: Cannot allocate resource for mainboard
[    1.114490] Cannot allocate resource for EISA slot 1
[    1.114565] Cannot allocate resource for EISA slot 2
[    1.114570] Cannot allocate resource for EISA slot 3
[    1.114574] Cannot allocate resource for EISA slot 4
[    1.114579] Cannot allocate resource for EISA slot 5
[    1.114583] Cannot allocate resource for EISA slot 6
[    1.114587] Cannot allocate resource for EISA slot 7
[    1.114592] Cannot allocate resource for EISA slot 8
[    1.114596] EISA: Detected 0 cards.
[    1.114601] cpuidle: using governor ladder
[    1.114601] input: AT Translated Set 2 keyboard as /devices/platform/i8042/serio0/input/input1
[    1.114668] TCP cubic registered
[    1.114777] NET: Registered protocol family 10
[    1.114919] lo: Disabled Privacy Extensions
[    1.114986] NET: Registered protocol family 17
[    1.115041] lib80211: common routines for IEEE802.11 drivers
[    1.115046] lib80211_crypt: registered algorithm 'NULL'
[    1.115063] Using IPI No-Shortcut mode
[    1.115130] registered taskstats version 1
[    1.135294] rtc_cmos 00:04: setting system clock to 2014-09-07 18:32:14 UTC (1410114734)
[    1.135297] BIOS EDD facility v0.16 2004-Jun-25, 0 devices found
[    1.135298] EDD information not available.
[    1.252627] input: AT Translated Set 2 keyboard as /devices/platform/i8042/serio0/input/input2
[    1.252860] psmouse serio1: ID: 10 00 64
[    1.252927] input: ImPS/2 Generic Wheel Mouse as /devices/platform/i8042/serio1/input/input3
[    1.276264] ata2.00: ATAPI: VMware Virtual IDE CDROM Drive, 00000001, max UDMA/33
[    1.276579] ata2.00: configured for UDMA/33
[    1.276994] scsi 1:0:0:0: CD-ROM            NECVMWar VMware IDE CDR10 1.00 PQ: 0 ANSI: 5
[    1.277947] sr0: scsi3-mmc drive: 1x/1x writer dvd-ram cd/rw xa/form2 cdda tray
[    1.277951] cdrom: Uniform CD-ROM driver Revision: 3.20
[    1.278017] sr 1:0:0:0: Attached scsi CD-ROM sr0
[    1.278053] sr 1:0:0:0: Attached scsi generic sg0 type 5
[    1.278093] Freeing unused kernel memory: 480k freed
[    1.284624] udev: starting version 151
[    1.284691] udevd (64): /proc/64/oom_adj is deprecated, please use /proc/64/oom_score_adj instead.
[    1.326263] Fusion MPT base driver 3.04.17
[    1.326266] Copyright (c) 1999-2008 LSI Corporation
[    1.326330] pcnet32: pcnet32.c:v1.35 21.Apr.2008 tsbogend@alpha.franken.de
[    1.326393] pcnet32 0000:02:01.0: PCI INT A -> GSI 19 (level, low) -> IRQ 19
[    1.326460] pcnet32: PCnet/PCI II 79C970A at 0x2000, 00:0c:29:a1:70:01 assigned IRQ 19
[    1.326527] pcnet32: eth0: registered as PCnet/PCI II 79C970A
[    1.326592] pcnet32: 1 cards_found
[    1.326931] Fusion MPT SPI Host driver 3.04.17
[    1.326961] mptspi 0000:00:10.0: PCI INT A -> GSI 17 (level, low) -> IRQ 17
[    1.327105] VMware PVSCSI driver - version 1.0.1.0-k
[    1.336267] mptbase: ioc0: Initiating bringup
[    1.441523] usb 2-1: new full speed USB device using uhci_hcd and address 2
[    1.531510] ioc0: LSI53C1030 B0: Capabilities={Initiator}
[    2.012027] scsi2 : ioc0: LSI53C1030 B0, FwRev=01032920h, Ports=1, MaxQ=128, IRQ=17
[    2.221395] usb 2-2: new full speed USB device using uhci_hcd and address 3
[    2.292507] scsi 2:0:0:0: Direct-Access     VMware,  VMware Virtual S 1.0  PQ: 0 ANSI: 2
[    2.292627] scsi target2:0:0: Beginning Domain Validation
[    2.292723] scsi target2:0:0: Domain Validation skipping write tests
[    2.292768] scsi target2:0:0: Ending Domain Validation
[    2.292825] scsi target2:0:0: FAST-40 WIDE SCSI 80.0 MB/s ST (25 ns, offset 127)
[    2.293011] sd 2:0:0:0: Attached scsi generic sg1 type 0
[    2.293310] sd 2:0:0:0: [sda] 20971520 512-byte logical blocks: (10.7 GB/10.0 GiB)
[    2.293413] sd 2:0:0:0: [sda] Write Protect is off
[    2.293451] sd 2:0:0:0: [sda] Mode Sense: 61 00 00 00
[    2.293573] sd 2:0:0:0: [sda] Cache data unavailable
[    2.293581] sd 2:0:0:0: [sda] Assuming drive cache: write through
[    2.294154] sd 2:0:0:0: [sda] Cache data unavailable
[    2.294156] sd 2:0:0:0: [sda] Assuming drive cache: write through
[    2.294455]  sda: sda1 sda2 < sda5 >
[    2.294639] sd 2:0:0:0: [sda] Cache data unavailable
[    2.294642] sd 2:0:0:0: [sda] Assuming drive cache: write through
[    2.294700] sd 2:0:0:0: [sda] Attached SCSI disk
[    2.309068] EXT4-fs (sda1): mounted filesystem with ordered data mode. Opts: (null)
[    2.374179] hub 2-2:1.0: USB hub found
[    2.374297] hub 2-2:1.0: 7 ports detected
[    2.455710] EXT4-fs (sda1): re-mounted. Opts: errors=remount-ro
[    2.455879] udev: starting version 151
[    2.517835] shpchp: Standard Hot Plug PCI Controller Driver version: 0.4
[    2.536461] Linux agpgart interface v0.103
[    2.537799] agpgart-intel 0000:00:00.0: Intel 440BX Chipset
[    2.538061] agpgart-intel 0000:00:00.0: AGP aperture is 256M @ 0x0
[    2.581488] udev: renamed network interface eth0 to eth2
[    2.615989] input: VMware VMware Virtual USB Mouse as /devices/pci0000:00/0000:00:11.0/0000:02:00.0/usb2/2-1/2-1:1.0/input/input4
[    2.616036] generic-usb 0003:0E0F:0003.0001: input: USB HID v1.10 Mouse [VMware VMware Virtual USB Mouse] on usb-0000:02:00.0-1/input0
[    2.617786] input: VMware VMware Virtual USB Mouse as /devices/pci0000:00/0000:00:11.0/0000:02:00.0/usb2/2-1/2-1:1.1/input/input5
[    2.617826] generic-usb 0003:0E0F:0003.0002: input: USB HID v1.10 Mouse [VMware VMware Virtual USB Mouse] on usb-0000:02:00.0-1/input1
[    2.617838] usbcore: registered new interface driver usbhid
[    2.617839] usbhid: USB HID core driver
[    2.883216] pcnet32 0000:02:01.0: eth2: link up
[   13.870091] eth2: no IPv6 routers present
[  235.104591] pcnet32 0000:02:01.0: eth2: link down
[  245.103528] pcnet32 0000:02:01.0: eth2: link up
[  259.622759] cos (core 1): Installing the hijack module.
[  259.622771] IDT at c05ee000:2047, saved state at f8c9a000, both with 255 entries
[  259.622774] CPU 1: Overriding sysenter handler (c0102c9c) with f8c85000
[  259.622777] CPU 1: Overriding page_fault handler (c049fea8, dpl 0, int 0) with f8c85110 (via trampoline f5e9f010)
[  259.622798] CPU 1: Overriding 0 IDT handler (c049fe84, dpl 0, int 0) with f8c850b0, dpl 0, int 0
[  259.622800] CPU 1: Overriding 233 IDT handler (c01031d4, dpl 0, int 0) with f8c85170, dpl 3, int 0
[  259.622802] CPU 1: Overriding 7 IDT handler (c049fe28, dpl 0, int 0) with f8c851d0, dpl 0, int 0
[  259.622804] cos: core 1 enabling Composite IPI IRQ vector e0.
[  259.622834] CPU 0: Overriding sysenter handler (c0102c9c) with f8c85000
[  259.622836] CPU 0: Overriding page_fault handler (c049fea8, dpl 0, int 0) with f8c85110 (via trampoline f5e9f010)
[  259.622838] CPU 0: Overriding 0 IDT handler (c049fe84, dpl 0, int 0) with f8c850b0, dpl 0, int 0
[  259.622840] CPU 0: Overriding 233 IDT handler (c01031d4, dpl 0, int 0) with f8c85170, dpl 3, int 0
[  259.622841] CPU 0: Overriding 7 IDT handler (c049fe28, dpl 0, int 0) with f8c851d0, dpl 0, int 0
[  259.622843] cos: core 0 enabling Composite IPI IRQ vector e0.
[  259.624722] tun: cos: Universal TUN/TAP device driver, 1.6
[  259.624724] tun: cos: (C) 1999-2004 Max Krasnyansky <maxk@qualcomm.com>
[  259.624777] cos: Registering networking callbacks @ f87397a0
[  259.625694] cos <-> Linux translator: registered successfully.
[  259.626655] cnet0: Disabled Privacy Extensions
[  273.480325] cos: info region @ 1073741824(40000000)
[  273.480328] cos: Mapping of shared region worked: deadbeef.
[  273.940566] cos core 0: creating thread in spd 0.
[  273.940587] Setting up boot thread on core 0
[  273.940625] core 0, sched shared region @40805000, kern @d31ff000
[  273.940656] Core 0, Low-level booter created threads:
[  273.940658] 1: alphapha
[  273.940660] 2: recov
[  273.940661] 3: init
[  273.940686] COBJ_SYMB_EXPORTEDj fprr:2 found at 0x40890000:cd64, size 97a94 -> 44800000
[  273.940695] cobj mm:3 found at 0x4089cd80:6a80, size 18a6fc -> 44c00000
[  273.940703] cobj print:4 found at 0x408a3800:16b0, size 844b8 -> 45c00000
[  273.940710] cobj boot:5 found at 0x408a4ec0 -> 46000000
[  273.940812] h @ 0x40890000, heap ptr @ 0x408d8000
[  273.940819] header 0x40890000, size 52580, num comps 4, new heap 0x408d8000
[  273.945837] booter: done creating system.
[  274.945971] core 0: mm init as thread 3
[  274.945990] mm expanding 12 MBs @ 0x45000000
[  274.946599] core 0: mm init done
[  274.946625] core 0, sched shared region @4480b000, kern @f5f75000
[  274.946634] Please ensure that the following information is correct.
[  274.946650] If it is not, edit kernel/include/shared/cos_config.h.
[  274.946669] CPU_FREQUENCY=2400000000
[  274.946676] TIMER_FREQUENCY=100
[  274.946686] USEC_PER_TICK=10000
[  274.946690] CYC_PER_USEC=2400
[  274.946701] Total number of CPUs: 1. Composite runs on core 0 - 0. Linux runs on core 0.
[  274.946763] Core 0: Idle thread has id 4 with priority i.
[  274.946786] Initialization thread has id 5.
[  274.946810] Core 0: Timer thread (id 6) has srv_acap 2.
[  274.946833] Core 0: IPI handling thread created (thread id 7).
[  274.946850] <<<Core 0, thread 3: sched_init done.>>>
[  274.946867] Core 0: Starting timer thread (thread id 6)
[  274.946889] Core 0: Starting IPI handling thread (thread id 7, client acap 3, server acap 4)
[  274.946934] cobj va:6 found at 0x4608d000:4204, size 87e8c -> 4a000000
[  274.946955] cobj freeRTOS:7 found at 0x46091240:cbec, size 291414 -> 4a400000
[  274.946978] cobj l:8 found at 0x4609de40:3898, size 874e8 -> 4a800000
[  274.946998] cobj mpool:9 found at 0x460a1700:4dcc, size 8bdc4 -> 4ac00000
[  274.947020] cobj sm:10 found at 0x460a6500:92ec, size b8f40 -> 4b000000
[  274.947040] cobj vm:11 found at 0x460af800:3a8c, size 88744 -> 4b400000
[  274.947058] cobj rtos_app:12 found at 0x460b32c0 -> 4b800000
[  274.947182] h @ 0x4608d000, heap ptr @ 0x460b9000
[  274.947198] header 0x4608d000, size 16900, num comps 7, new heap 0x460b9000
[  274.955871] Core 0, sched 2: created default thread 8 in spdid 8 (requested by 5 from 8)
[  274.955888] Core 0, sched 2: created default thread 8 in spdid 11 (requested by 5 from 11)
[  274.955899] Core 0, sched 2: created default thread 8 in spdid 6 (requested by 5 from 6)
[  274.955912] <><><>Life doesn't suck
[  274.955915] core 0, sched shared region @4a40b000, kern @f6476000
[  274.955917] Called cntl_thd
[  274.955923] first sched thd
[  274.955924] Starting new task
[  274.955925] Called pvPortMalloc in heap_1.
[  274.955927] Called pvPortMalloc in heap_1.
[  274.955928] initialising stack w/OUT MPU wrappers
[  274.955929] Called pvPortMalloc in heap_1.
[  274.955930] Creating thread in spd 7, current thd 10
[  274.955931] Func Pointer is: 1245723184
[  274.955936] FreeRTOS started thd 11
[  274.955937] Adding task handle, thread id: 11
[  274.955938] Have added task to ready queue
[  274.955939] FreeRTOS started task successfully
[  274.955940] Called pvPortMalloc in heap_1.
[  274.955940] Called pvPortMalloc in heap_1.
[  274.955941] Starting new task
[  274.955942] Called pvPortMalloc in heap_1.
[  274.955943] Called pvPortMalloc in heap_1.
[  274.955944] initialising stack w/OUT MPU wrappers
[  274.955945] Called pvPortMalloc in heap_1.
[  274.955946] Creating thread in spd 7, current thd 10
[  274.955947] Func Pointer is: 1245723184
[  274.955950] FreeRTOS started thd 12
[  274.955951] Adding task handle, thread id: 12
[  274.955952] Have added task to ready queue
[  274.955953] FreeRTOS started task successfully
[  274.955954] Starting new task
[  274.955954] Called pvPortMalloc in heap_1.
[  274.955955] Called pvPortMalloc in heap_1.
[  274.955956] initialising stack w/OUT MPU wrappers
[  274.955957] Called pvPortMalloc in heap_1.
[  274.955958] Creating thread in spd 7, current thd 10
[  274.955959] Func Pointer is: 1245723184
[  274.955962] FreeRTOS started thd 13
[  274.955963] Adding task handle, thread id: 13
[  274.955964] Have added task to ready queue
[  274.955965] FreeRTOS started task successfully
[  274.955965] Starting new task
[  274.955966] Called pvPortMalloc in heap_1.
[  274.955967] Called pvPortMalloc in heap_1.
[  274.955968] initialising stack w/OUT MPU wrappers
[  274.955969] Called pvPortMalloc in heap_1.
[  274.955970] Creating thread in spd 7, current thd 10
[  274.955971] Func Pointer is: 1245723184
[  274.955971] ><! Making thd in freertos_app
[  274.955975] FreeRTOS started thd 14
[  274.955976] Adding task handle, thread id: 14
[  274.955976] Have added task to ready queue
[  274.955977] FreeRTOS started task successfully
[  274.955978] Starting the idle task....
[  274.955979] Starting new task
[  274.955980] Called pvPortMalloc in heap_1.
[  274.955980] Called pvPortMalloc in heap_1.
[  274.955981] initialising stack w/OUT MPU wrappers
[  274.955982] Called pvPortMalloc in heap_1.
[  274.955983] Creating thread in spd 7, current thd 10
[  274.955984] Func Pointer is: 1245723184
[  274.955987] FreeRTOS started thd 15
[  274.955988] Adding task handle, thread id: 15
[  274.955989] Have added task to ready queue
[  274.955990] FreeRTOS started task successfully
[  274.955991] Starting freeRTOS scheduler
[  274.955991] Creating timer
[  274.955992] freertos: Switching to timer thread...
[  274.955993] Switching threads from 10 to 9
[  274.955994] Freertos timer being called
[  274.955996] About to switch
[  274.955997] About to switch to 11
[  274.955998] should twerk: 1245770400
[  274.955999] Switching threads from 9 to 11
[  274.956001] 1!!!!!!!!!!!!!!!
[  274.956003] pl0x twerk: 1245770400
[  274.956004] In prvWaitForStart
[  274.956005] Running task's function!
[  274.956006] eeeessss gud: 11, spdid = 7
[  274.956007] Called pvPortMalloc in heap_1.
[  274.956008] Called pvPortMalloc in heap_1.
[  274.956009] Sem 1245771017 created with 5038 cycles used
[  274.956010] About to take sem
[  274.961054] wat wat wat: 0
[  274.961058] wat wat wat: 9
[  274.961060] Count 0
[  274.961063] About to switch
[  274.961064] About to switch to 14
[  274.961065] should twerk: 1245770833
[  274.961067] Switching threads from 9 to 14
[  274.961070] !!!!!!!!!!!! I LIVE !!!!!!!!!!!!0
[  274.961074] 0
[  274.961076] Called pvPortMalloc in heap_1.
[  274.961078] Called pvPortMalloc in heap_1.
[  274.961080] Sem is 0
[  274.961082] About to take sem
[  274.973029] wat wat wat: 0
[  274.973032] wat wat wat: 9
[  274.973034] Count 1
[  274.973035] About to switch
[  274.973037] About to switch to 11
[  274.973038] should twerk: 1245770400
[  274.973039] Switching threads from 9 to 11
[  274.981037] wat wat wat: 0
[  274.981039] wat wat wat: 9
[  274.981041] Count 2
[  274.981043] About to switch
[  274.981044] About to switch to 14
[  274.981045] should twerk: 1245770833
[  274.981046] Switching threads from 9 to 14
[  274.990693] wat wat wat: 0
[  274.990696] wat wat wat: 9
[  274.990697] Count 3
[  274.990699] About to switch
[  274.990700] About to switch to 11
[  274.990701] should twerk: 1245770400
[  274.990702] Switching threads from 9 to 11
[  275.001030] wat wat wat: 0
[  275.001033] wat wat wat: 9
[  275.001035] Count 4
[  275.001037] About to switch
[  275.001039] About to switch to 14
[  275.001048] should twerk: 1245770833
[  275.001049] Switching threads from 9 to 14
[  275.013032] wat wat wat: 0
[  275.013043] wat wat wat: 9
[  275.013044] Count 5
[  275.013046] About to switch
[  275.013047] About to switch to 11
[  275.013048] should twerk: 1245770400
[  275.013049] Switching threads from 9 to 11
[  275.021027] wat wat wat: 0
[  275.021029] wat wat wat: 9
[  275.021031] Count 6
[  275.021032] About to switch
[  275.021033] About to switch to 14
[  275.021034] should twerk: 1245770833
[  275.021035] Switching threads from 9 to 14
[  275.033029] wat wat wat: 0
[  275.033032] wat wat wat: 9
[  275.033034] Count 7
[  275.033036] About to switch
[  275.033037] About to switch to 11
[  275.033038] should twerk: 1245770400
[  275.033039] Switching threads from 9 to 11
[  275.041026] wat wat wat: 0
[  275.041028] wat wat wat: 9
[  275.041030] Count 8
[  275.041031] About to switch
[  275.041032] About to switch to 14
[  275.041033] should twerk: 1245770833
[  275.041035] Switching threads from 9 to 14
[  275.053020] wat wat wat: 0
[  275.053023] wat wat wat: 9
[  275.053025] Count 9
[  275.053026] About to switch
[  275.053028] About to switch to 11
[  275.053029] should twerk: 1245770400
[  275.053030] Switching threads from 9 to 11
[  275.061028] wat wat wat: 0
[  275.061031] wat wat wat: 9
[  275.061033] Count 10
[  275.061035] About to switch
[  275.061036] About to switch to 14
[  275.061037] should twerk: 1245770833
[  275.061038] Switching threads from 9 to 14
[  275.073024] wat wat wat: 0
[  275.073027] wat wat wat: 9
[  275.073029] Count 11
[  275.073030] About to switch
[  275.073031] About to switch to 11
[  275.073032] should twerk: 1245770400
[  275.073033] Switching threads from 9 to 11
[  275.081024] wat wat wat: 0
[  275.081027] wat wat wat: 9
[  275.081029] Count 12
[  275.081031] About to switch
[  275.081032] About to switch to 14
[  275.081033] should twerk: 1245770833
[  275.081034] Switching threads from 9 to 14
[  275.089514] Virt Give avg = 1276
[  275.089516] Virt Take avg = 1496
[  275.089518] guddr
[  275.093013] wat wat wat: 0
[  275.093015] wat wat wat: 9
[  275.093017] Count 13
[  275.093018] About to switch
[  275.093019] About to switch to 11
[  275.093020] should twerk: 1245770400
[  275.093021] Switching threads from 9 to 11
[  275.101013] wat wat wat: 0
[  275.101016] wat wat wat: 9
[  275.101018] Count 14
[  275.101019] About to switch
[  275.101021] About to switch to 14
[  275.101022] should twerk: 1245770833
[  275.101023] Switching threads from 9 to 14
[  275.113011] wat wat wat: 0
[  275.113014] wat wat wat: 9
[  275.113015] Count 15
[  275.113017] About to switch
[  275.113018] About to switch to 11
[  275.113019] should twerk: 1245770400
[  275.113020] Switching threads from 9 to 11
[  275.121011] wat wat wat: 0
[  275.121013] wat wat wat: 9
[  275.121015] Count 16
[  275.121017] About to switch
[  275.121018] About to switch to 14
[  275.121019] should twerk: 1245770833
[  275.121020] Switching threads from 9 to 14
[  275.133071] wat wat wat: 0
[  275.133074] wat wat wat: 9
[  275.133076] Count 17
[  275.133078] About to switch
[  275.133079] About to switch to 11
[  275.133080] should twerk: 1245770400
[  275.133081] Switching threads from 9 to 11
[  275.141005] wat wat wat: 0
[  275.141007] wat wat wat: 9
[  275.141008] Count 18
[  275.141010] About to switch
[  275.141011] About to switch to 14
[  275.141012] should twerk: 1245770833
[  275.141013] Switching threads from 9 to 14
[  275.153004] wat wat wat: 0
[  275.153006] wat wat wat: 9
[  275.153008] Count 19
[  275.153009] About to switch
[  275.153010] About to switch to 11
[  275.153011] should twerk: 1245770400
[  275.153012] Switching threads from 9 to 11
[  275.161017] wat wat wat: 0
[  275.161020] wat wat wat: 9
[  275.161023] Count 20
[  275.161025] About to switch
[  275.161028] About to switch to 14
[  275.161029] should twerk: 1245770833
[  275.161030] Switching threads from 9 to 14
[  275.173002] wat wat wat: 0
[  275.173004] wat wat wat: 9
[  275.173006] Count 21
[  275.173008] About to switch
[  275.173009] About to switch to 11
[  275.173010] should twerk: 1245770400
[  275.173010] Switching threads from 9 to 11
[  275.181009] wat wat wat: 0
[  275.181011] wat wat wat: 9
[  275.181013] Count 22
[  275.181014] About to switch
[  275.181016] About to switch to 14
[  275.181017] should twerk: 1245770833
[  275.181018] Switching threads from 9 to 14
[  275.190372] wat wat wat: 0
[  275.190374] wat wat wat: 9
[  275.190376] Count 23
[  275.190378] About to switch
[  275.190378] About to switch to 11
[  275.190380] should twerk: 1245770400
[  275.190380] Switching threads from 9 to 11
[  275.194357] Native Give avg = 164
[  275.194360] Native Take avg = 307
[  275.194362] About to switch to 14
[  275.194363] should twerk: 1245770833
[  275.194364] Switching threads from 11 to 14
[  275.200736] wat wat wat: 0
[  275.200738] wat wat wat: 9
[  275.200740] Count 24
[  275.200741] About to switch
[  275.200742] About to switch to 11
[  275.200743] should twerk: 1245770400
[  275.200744] Switching threads from 9 to 11
[  275.200745] wat wat wat: 0
[  275.200747] wat wat wat: 11
[  275.200749] Count 25
[  275.200750] THD 11 done executing, setting to lowest priority.
[  275.213018] wat wat wat: 0
[  275.213022] wat wat wat: 9
[  275.213024] Count 26
[  275.213026] About to switch
[  275.213027] About to switch to 14
[  275.213028] should twerk: 1245770833
[  275.213029] Switching threads from 9 to 14
[  275.221041] wat wat wat: 0
[  275.221043] wat wat wat: 9
[  275.221045] Count 27
[  275.221046] About to switch
[  275.221047] About to switch to 11
[  275.221048] should twerk: 1245770400
[  275.221049] Switching threads from 9 to 11
[  275.232777] wat wat wat: 0
[  275.232780] wat wat wat: 9
[  275.232781] Count 28
[  275.232783] About to switch
[  275.232784] About to switch to 14
[  275.232785] should twerk: 1245770833
[  275.232786] Switching threads from 9 to 14
[  275.240996] wat wat wat: 0
[  275.240998] wat wat wat: 9
[  275.241000] Count 29
[  275.241001] About to switch
[  275.241002] About to switch to 11
[  275.241003] should twerk: 1245770400
[  275.241004] Switching threads from 9 to 11
[  275.252999] wat wat wat: 0
[  275.253002] wat wat wat: 9
[  275.253004] Count 30
[  275.253006] About to switch
[  275.253007] About to switch to 14
[  275.253008] should twerk: 1245770833
[  275.253009] Switching threads from 9 to 14
[  275.261024] wat wat wat: 0
[  275.261029] wat wat wat: 9
[  275.261032] Count 31
[  275.261035] About to switch
[  275.261037] About to switch to 11
[  275.261038] should twerk: 1245770400
[  275.261040] Switching threads from 9 to 11
[  275.273010] wat wat wat: 0
[  275.273014] wat wat wat: 9
[  275.273016] Count 32
[  275.273018] About to switch
[  275.273020] About to switch to 14
[  275.273021] should twerk: 1245770833
[  275.273022] Switching threads from 9 to 14
[  275.280993] wat wat wat: 0
[  275.280996] wat wat wat: 9
[  275.280997] Count 33
[  275.280999] About to switch
[  275.281000] About to switch to 11
[  275.281001] should twerk: 1245770400
[  275.281002] Switching threads from 9 to 11
[  275.292994] wat wat wat: 0
[  275.292996] wat wat wat: 9
[  275.292998] Count 34
[  275.293000] About to switch
[  275.293001] About to switch to 14
[  275.293002] should twerk: 1245770833
[  275.293003] Switching threads from 9 to 14
[  275.300991] wat wat wat: 0
[  275.300993] wat wat wat: 9
[  275.300995] Count 35
[  275.300996] About to switch
[  275.300997] About to switch to 11
[  275.300998] should twerk: 1245770400
[  275.300999] Switching threads from 9 to 11
[  275.312987] wat wat wat: 0
[  275.312989] wat wat wat: 9
[  275.312991] Count 36
[  275.312993] About to switch
[  275.312994] About to switch to 14
[  275.312995] should twerk: 1245770833
[  275.312996] Switching threads from 9 to 14
[  275.320984] wat wat wat: 0
[  275.320986] wat wat wat: 9
[  275.320987] Count 37
[  275.320989] About to switch
[  275.320990] About to switch to 11
[  275.320990] should twerk: 1245770400
[  275.320991] Switching threads from 9 to 11
[  275.333012] wat wat wat: 0
[  275.333016] wat wat wat: 9
[  275.333018] Count 38
[  275.333020] About to switch
[  275.333022] About to switch to 14
[  275.333023] should twerk: 1245770833
[  275.333025] Switching threads from 9 to 14
[  275.340994] wat wat wat: 0
[  275.340998] wat wat wat: 9
[  275.341000] Count 39
[  275.341002] About to switch
[  275.341003] About to switch to 11
[  275.341004] should twerk: 1245770400
[  275.341005] Switching threads from 9 to 11
[  275.353013] wat wat wat: 0
[  275.353016] wat wat wat: 9
[  275.353018] Count 40
[  275.353020] About to switch
[  275.353022] About to switch to 14
[  275.353023] should twerk: 1245770833
[  275.353024] Switching threads from 9 to 14
[  275.360985] wat wat wat: 0
[  275.360988] wat wat wat: 9
[  275.360989] Count 41
[  275.360991] About to switch
[  275.360992] About to switch to 11
[  275.360993] should twerk: 1245770400
[  275.360994] Switching threads from 9 to 11
[  275.372991] wat wat wat: 0
[  275.372994] wat wat wat: 9
[  275.372995] Count 42
[  275.372997] About to switch
[  275.372998] About to switch to 14
[  275.372999] should twerk: 1245770833
[  275.373000] Switching threads from 9 to 14
[  275.381036] wat wat wat: 0
[  275.381038] wat wat wat: 9
[  275.381040] Count 43
[  275.381041] About to switch
[  275.381042] About to switch to 11
[  275.381043] should twerk: 1245770400
[  275.381044] Switching threads from 9 to 11
[  275.391093] wat wat wat: 0
[  275.391095] wat wat wat: 9
[  275.391096] Count 44
[  275.391098] About to switch
[  275.391099] About to switch to 14
[  275.391100] should twerk: 1245770833
[  275.391101] Switching threads from 9 to 14
[  275.400985] wat wat wat: 0
[  275.400988] wat wat wat: 9
[  275.400989] Count 45
[  275.400991] About to switch
[  275.400992] About to switch to 11
[  275.400993] should twerk: 1245770400
[  275.400994] Switching threads from 9 to 11
[  275.412976] wat wat wat: 0
[  275.412978] wat wat wat: 9
[  275.412980] Count 46
[  275.412982] About to switch
[  275.412983] About to switch to 14
[  275.412983] should twerk: 1245770833
[  275.412984] Switching threads from 9 to 14
[  275.420987] wat wat wat: 0
[  275.420989] wat wat wat: 9
[  275.420991] Count 47
[  275.420993] About to switch
[  275.420994] About to switch to 11
[  275.420995] should twerk: 1245770400
[  275.420996] Switching threads from 9 to 11
[  275.432977] wat wat wat: 0
[  275.432979] wat wat wat: 9
[  275.432981] Count 48
[  275.432983] About to switch
[  275.432984] About to switch to 14
[  275.432985] should twerk: 1245770833
[  275.432986] Switching threads from 9 to 14
[  275.440970] wat wat wat: 0
[  275.440972] wat wat wat: 9
[  275.440974] Count 49
[  275.440975] About to switch
[  275.440976] About to switch to 11
[  275.440977] should twerk: 1245770400
[  275.440978] Switching threads from 9 to 11
[  275.452974] wat wat wat: 0
[  275.452976] wat wat wat: 9
[  275.452978] Count 50
[  275.452980] About to switch
[  275.452981] About to switch to 14
[  275.452982] should twerk: 1245770833
[  275.452983] Switching threads from 9 to 14
[  275.461000] wat wat wat: 0
[  275.461005] wat wat wat: 9
[  275.461008] Count 51
[  275.461010] About to switch
[  275.461012] About to switch to 11
[  275.461014] should twerk: 1245770400
[  275.461015] Switching threads from 9 to 11
[  275.472999] wat wat wat: 0
[  275.473002] wat wat wat: 9
[  275.473004] Count 52
[  275.473007] About to switch
[  275.473008] About to switch to 14
[  275.473009] should twerk: 1245770833
[  275.473010] Switching threads from 9 to 14
[  275.480984] wat wat wat: 0
[  275.480987] wat wat wat: 9
[  275.480989] Count 53
[  275.480992] About to switch
[  275.480993] About to switch to 11
[  275.480994] should twerk: 1245770400
[  275.480995] Switching threads from 9 to 11
[  275.491252] wat wat wat: 0
[  275.491256] wat wat wat: 9
[  275.491258] Count 54
[  275.491261] About to switch
[  275.491262] About to switch to 14
[  275.491263] should twerk: 1245770833
[  275.491264] Switching threads from 9 to 14
[  275.500355] wat wat wat: 0
[  275.500362] wat wat wat: 9
[  275.500364] Count 55
[  275.500369] About to switch
[  275.500372] About to switch to 11
[  275.500372] should twerk: 1245770400
[  275.500374] Switching threads from 9 to 11
[  275.512748] wat wat wat: 0
[  275.512752] wat wat wat: 9
[  275.512754] Count 56
[  275.512756] About to switch
[  275.512757] About to switch to 14
[  275.512758] should twerk: 1245770833
[  275.512759] Switching threads from 9 to 14
[  275.520959] wat wat wat: 0
[  275.520961] wat wat wat: 9
[  275.520963] Count 57
[  275.520964] About to switch
[  275.520965] About to switch to 11
[  275.520966] should twerk: 1245770400
[  275.520967] Switching threads from 9 to 11
[  275.532963] wat wat wat: 0
[  275.532965] wat wat wat: 9
[  275.532967] Count 58
[  275.532969] About to switch
[  275.532970] About to switch to 14
[  275.532971] should twerk: 1245770833
[  275.532972] Switching threads from 9 to 14
[  275.540958] wat wat wat: 0
[  275.540959] wat wat wat: 9
[  275.540961] Count 59
[  275.540962] About to switch
[  275.540963] About to switch to 11
[  275.540964] should twerk: 1245770400
[  275.540965] Switching threads from 9 to 11
[  275.552962] wat wat wat: 0
[  275.552964] wat wat wat: 9
[  275.552966] Count 60
[  275.552968] About to switch
[  275.552969] About to switch to 14
[  275.552970] should twerk: 1245770833
[  275.552970] Switching threads from 9 to 14
[  275.560963] wat wat wat: 0
[  275.560965] wat wat wat: 9
[  275.560967] Count 61
[  275.560968] About to switch
[  275.560969] About to switch to 11
[  275.560970] should twerk: 1245770400
